ASxxxx Linker V03.00 + NoICE + sdld,  page 1.
Hexadecimal  [32-Bits]

Area                       Addr        Size        Decimal Bytes (Attributes)
--------------------       ----        ----        ------- ----- ------------
.  .ABS.               00000000    00000000 =           0. bytes (ABS,CON)

        Value  Global            Value  Global            Value  Global    
        -----  ------            -----  ------            -----  ------    
     00000000  .__.ABS.  |    00000000  _rRAMG    |    00000000  l__BASE  
     00000000  l__BSS    |    00000000  l__CABS   |    00000000  l__CODE_0
     00000000  l__DABS   |    00000000  l__HEADER |    00000000  l__HEAP  
     00000000  l__HRAM   |    00000000  l__LIT    |    00000000  s__CABS  
     00000000  s__DABS   |    00000000  s__HEADER |    00000000  s__HEADER
     00000000  s__HEADER |    00000000  s__HEADER |    00000000  s__HEADER
     00000000  s__HEADER |    00000000  s__HEADER |    00000000  s__HEADER
     00000000  s__HEADER |    00000000  s__HEADER |    00000000  s__HEADER
     00000000  s__HEADER |    00000000  s__HEADER |    00000000  s__HEADER
     00000000  s__HEADER |    00000000  s__HEADER |    00000000  s__HEADER
     00000000  s__HEADER |    00000000  s__HEADER |    00000000  s__HRAM  
     00000000  s__HRAM12 |    00000001  l__GSFINA |    00000001  l__HEADER
     00000001  l__HEADER |    00000001  l__HEADER |    00000001  l__HEADER
     00000001  l__HEADER |    00000001  l__HEADER |    00000001  l__HEADER
     00000002  l__HEADER |    00000002  l__HEADER |    00000002  l__HEADER
     00000003  l__HEADER |    00000003  l__HRAM12 |    00000005  l__HEADER
     00000006  l__HEADER |    00000007  l__HEADER |    00000008  l__HEADER
     0000000C  l__GSINIT |    0000001D  l__DATA   |    00000030  l__HEADER
     0000004E  l__HEADER |    00000082  l__HEADER |    0000017F  l__HOME  
     00000200  s__CODE   |    00000B2E  l__INITIA |    00000B2E  l__INITIA
     00000CA9  l__CODE   |    00000EA9  s__HOME   |    00001028  s__BASE  
     00001028  s__CODE_0 |    00001028  s__INITIA |    00001028  s__LIT   
     00001B56  s__GSINIT |    00001B62  s__GSFINA |    00002000  _rROMB0  
     00003000  _rROMB1   |    00004000  _rRAMB    |    00008000  __VRAM   
     00008000  __VRAM800 |    00008800  __VRAM880 |    00009000  __VRAM900
     00009800  __SCRN0   |    00009C00  __SCRN1   |    0000A000  __SRAM   
     0000C000  __RAM     |    0000C000  _shadow_O |    0000C0A0  s__DATA  
     0000C0BD  s__BSS    |    0000C0BD  s__INITIA |    0000CBEB  s__HEAP  
     0000D000  __RAMBANK |    0000E000  .STACK    |    0000FE00  __OAMRAM 
     0000FF00  _P1_REG   |    0000FF00  __IO      |    0000FF01  _SB_REG  
     0000FF02  _SC_REG   |    0000FF04  _DIV_REG  |    0000FF05  _TIMA_REG
     0000FF06  _TMA_REG  |    0000FF07  _TAC_REG  |    0000FF0F  _IF_REG  
     0000FF10  _NR10_REG |    0000FF11  _NR11_REG |    0000FF12  _NR12_REG
     0000FF13  _NR13_REG |    0000FF14  _NR14_REG |    0000FF16  _NR21_REG
     0000FF17  _NR22_REG |    0000FF18  _NR23_REG |    0000FF19  _NR24_REG
     0000FF1A  _NR30_REG |    0000FF1B  _NR31_REG |    0000FF1C  _NR32_REG
     0000FF1D  _NR33_REG |    0000FF1E  _NR34_REG |    0000FF20  _NR41_REG
     0000FF21  _NR42_REG |    0000FF22  _NR43_REG |    0000FF23  _NR44_REG
     0000FF24  _NR50_REG |    0000FF25  _NR51_REG |    0000FF26  _NR52_REG
     0000FF30  _AUD3WAVE |    0000FF30  _PCM_SAMP |    0000FF30  __AUD3WAV
     0000FF40  _LCDC_REG |    0000FF41  _STAT_REG |    0000FF42  _SCY_REG 
     0000FF43  _SCX_REG  |    0000FF44  _LY_REG   |    0000FF45  _LYC_REG 
     0000FF46  _DMA_REG  |    0000FF47  _BGP_REG  |    0000FF48  _OBP0_REG
     0000FF49  _OBP1_REG |    0000FF4A  _WY_REG   |    0000FF4B  _WX_REG  
     0000FF4D  _KEY1_REG |    0000FF4F  _VBK_REG  |    0000FF51  _HDMA1_RE
     0000FF52  _HDMA2_RE |    0000FF53  _HDMA3_RE |    0000FF54  _HDMA4_RE
     0000FF55  _HDMA5_RE |    0000FF56  _RP_REG   |    0000FF68  _BCPS_REG
     0000FF69  _BCPD_REG |    0000FF6A  _OCPS_REG |    0000FF6B  _OCPD_REG
     0000FF70  _SVBK_REG |    0000FF76  _PCM12_RE |    0000FF77  _PCM34_RE
     0000FF80  .refresh_ |    0000FF80  __HRAM    |    0000FFFF  _IE_REG  
ASxxxx Linker V03.00 + NoICE + sdld,  page 2.
Hexadecimal  [32-Bits]

Area                       Addr        Size        Decimal Bytes (Attributes)
--------------------       ----        ----        ------- ----- ------------
_CODE                  00000200    00000CA9 =        3241. bytes (REL,CON)

        Value  Global            Value  Global            Value  Global    
        -----  ------            -----  ------            -----  ------    
     00000200  A$lcc9584 |    00000200  C$main.c$ |    00000200  C$main.c$
     00000200  G$clearSc |    00000200  XG$clearS |    00000200  _clearScr
     00000201  A$lcc9584 |    00000201  C$main.c$ |    00000201  G$songset
     00000201  _songsetu |    00000203  A$lcc9584 |    00000203  C$main.c$
     00000206  A$lcc9584 |    00000207  A$lcc9584 |    0000020A  A$lcc9584
     0000020B  A$lcc9584 |    0000020E  A$lcc9584 |    00000210  A$lcc9584
     00000210  C$main.c$ |    00000213  A$lcc9584 |    00000214  A$lcc9584
     00000217  A$lcc9584 |    00000218  A$lcc9584 |    00000219  A$lcc9584
     0000021A  A$lcc9584 |    0000021B  A$lcc9584 |    0000021E  A$lcc9584
     00000220  A$lcc9584 |    00000220  C$main.c$ |    00000223  A$lcc9584
     00000224  A$lcc9584 |    00000226  A$lcc9584 |    00000227  A$lcc9584
     00000228  A$lcc9584 |    0000022B  A$lcc9584 |    0000022D  A$lcc9584
     0000022D  C$main.c$ |    00000230  A$lcc9584 |    00000231  A$lcc9584
     00000233  A$lcc9584 |    00000234  A$lcc9584 |    00000235  A$lcc9584
     00000238  A$lcc9584 |    0000023A  A$lcc9584 |    0000023A  C$main.c$
     0000023D  A$lcc9584 |    0000023E  A$lcc9584 |    00000240  A$lcc9584
     00000241  A$lcc9584 |    00000242  A$lcc9584 |    00000245  A$lcc9584
     00000247  A$lcc9584 |    00000247  C$main.c$ |    0000024A  A$lcc9584
     0000024B  A$lcc9584 |    0000024D  A$lcc9584 |    0000024E  A$lcc9584
     0000024F  A$lcc9584 |    00000252  A$lcc9584 |    00000254  A$lcc9584
     00000254  C$main.c$ |    00000257  A$lcc9584 |    00000258  A$lcc9584
     0000025A  A$lcc9584 |    0000025B  A$lcc9584 |    0000025C  A$lcc9584
     0000025F  A$lcc9584 |    00000261  A$lcc9584 |    00000261  C$main.c$
     00000264  A$lcc9584 |    00000265  A$lcc9584 |    00000267  A$lcc9584
     00000268  A$lcc9584 |    00000269  A$lcc9584 |    0000026C  A$lcc9584
     0000026E  A$lcc9584 |    0000026E  C$main.c$ |    00000271  A$lcc9584
     00000272  A$lcc9584 |    00000274  A$lcc9584 |    00000275  A$lcc9584
     00000276  A$lcc9584 |    00000279  A$lcc9584 |    0000027B  A$lcc9584
     0000027B  C$main.c$ |    0000027E  A$lcc9584 |    0000027F  A$lcc9584
     00000281  A$lcc9584 |    00000282  A$lcc9584 |    00000283  A$lcc9584
     00000286  A$lcc9584 |    00000288  A$lcc9584 |    00000288  C$main.c$
     0000028A  A$lcc9584 |    0000028B  A$lcc9584 |    0000028B  C$main.c$
     0000028C  A$lcc9584 |    0000028F  A$lcc9584 |    00000291  A$lcc9584
     00000292  A$lcc9584 |    00000293  A$lcc9584 |    00000295  A$lcc9584
     00000296  A$lcc9584 |    00000297  A$lcc9584 |    00000298  A$lcc9584
     00000299  A$lcc9584 |    0000029B  A$lcc9584 |    0000029C  A$lcc9584
     0000029E  A$lcc9584 |    000002A1  A$lcc9584 |    000002A1  C$main.c$
     000002A4  A$lcc9584 |    000002A5  A$lcc9584 |    000002A6  A$lcc9584
     000002A7  A$lcc9584 |    000002A8  A$lcc9584 |    000002A9  A$lcc9584
     000002AA  A$lcc9584 |    000002AB  A$lcc9584 |    000002AE  A$lcc9584
     000002B0  A$lcc9584 |    000002B1  A$lcc9584 |    000002B2  A$lcc9584
     000002B3  A$lcc9584 |    000002B4  A$lcc9584 |    000002B5  A$lcc9584
     000002B6  A$lcc9584 |    000002B8  A$lcc9584 |    000002B9  A$lcc9584
     000002BA  A$lcc9584 |    000002BB  A$lcc9584 |    000002BD  A$lcc9584
     000002BE  A$lcc9584 |    000002BF  A$lcc9584 |    000002C0  A$lcc9584
     000002C1  A$lcc9584 |    000002C2  A$lcc9584 |    000002C3  A$lcc9584
     000002C4  A$lcc9584 |    000002C5  A$lcc9584 |    000002C6  A$lcc9584
     000002C6  C$main.c$ |    000002C9  A$lcc9584 |    000002CB  A$lcc9584
     000002CC  A$lcc9584 |    000002CD  A$lcc9584 |    000002CE  A$lcc9584
     000002CF  A$lcc9584 |    000002D0  A$lcc9584 |    000002D1  A$lcc9584
ASxxxx Linker V03.00 + NoICE + sdld,  page 3.
Hexadecimal  [32-Bits]

Area                       Addr        Size        Decimal Bytes (Attributes)
--------------------       ----        ----        ------- ----- ------------
_CODE                  00000200    00000CA9 =        3241. bytes (REL,CON)

        Value  Global            Value  Global            Value  Global    
        -----  ------            -----  ------            -----  ------    
     000002D4  A$lcc9584 |    000002D6  A$lcc9584 |    000002D7  A$lcc9584
     000002D8  A$lcc9584 |    000002D9  A$lcc9584 |    000002DA  A$lcc9584
     000002DB  A$lcc9584 |    000002DC  A$lcc9584 |    000002DD  A$lcc9584
     000002DE  A$lcc9584 |    000002DE  C$main.c$ |    000002E1  A$lcc9584
     000002E3  A$lcc9584 |    000002E4  A$lcc9584 |    000002E5  A$lcc9584
     000002E6  A$lcc9584 |    000002E7  A$lcc9584 |    000002E8  A$lcc9584
     000002E9  A$lcc9584 |    000002EC  A$lcc9584 |    000002EE  A$lcc9584
     000002EF  A$lcc9584 |    000002F0  A$lcc9584 |    000002F1  A$lcc9584
     000002F2  A$lcc9584 |    000002F3  A$lcc9584 |    000002F4  A$lcc9584
     000002F5  A$lcc9584 |    000002F6  A$lcc9584 |    000002F6  C$main.c$
     000002F9  A$lcc9584 |    000002FB  A$lcc9584 |    000002FC  A$lcc9584
     000002FD  A$lcc9584 |    000002FE  A$lcc9584 |    000002FF  A$lcc9584
     00000300  A$lcc9584 |    00000301  A$lcc9584 |    00000304  A$lcc9584
     00000306  A$lcc9584 |    00000307  A$lcc9584 |    00000308  A$lcc9584
     00000309  A$lcc9584 |    0000030A  A$lcc9584 |    0000030B  A$lcc9584
     0000030C  A$lcc9584 |    0000030D  A$lcc9584 |    0000030E  A$lcc9584
     0000030E  C$main.c$ |    00000311  A$lcc9584 |    00000313  A$lcc9584
     00000314  A$lcc9584 |    00000315  A$lcc9584 |    00000316  A$lcc9584
     00000317  A$lcc9584 |    00000318  A$lcc9584 |    00000319  A$lcc9584
     0000031C  A$lcc9584 |    0000031E  A$lcc9584 |    0000031F  A$lcc9584
     00000320  A$lcc9584 |    00000321  A$lcc9584 |    00000322  A$lcc9584
     00000323  A$lcc9584 |    00000324  A$lcc9584 |    00000325  A$lcc9584
     00000326  A$lcc9584 |    00000326  C$main.c$ |    00000329  A$lcc9584
     0000032B  A$lcc9584 |    0000032C  A$lcc9584 |    0000032D  A$lcc9584
     0000032E  A$lcc9584 |    0000032F  A$lcc9584 |    00000330  A$lcc9584
     00000331  A$lcc9584 |    00000334  A$lcc9584 |    00000336  A$lcc9584
     00000337  A$lcc9584 |    00000338  A$lcc9584 |    00000339  A$lcc9584
     0000033A  A$lcc9584 |    0000033B  A$lcc9584 |    0000033C  A$lcc9584
     0000033D  A$lcc9584 |    0000033E  A$lcc9584 |    0000033E  C$main.c$
     00000341  A$lcc9584 |    00000343  A$lcc9584 |    00000344  A$lcc9584
     00000345  A$lcc9584 |    00000346  A$lcc9584 |    00000347  A$lcc9584
     00000348  A$lcc9584 |    00000349  A$lcc9584 |    0000034C  A$lcc9584
     0000034E  A$lcc9584 |    0000034F  A$lcc9584 |    00000350  A$lcc9584
     00000351  A$lcc9584 |    00000352  A$lcc9584 |    00000353  A$lcc9584
     00000354  A$lcc9584 |    00000355  A$lcc9584 |    00000356  A$lcc9584
     00000356  C$main.c$ |    00000359  A$lcc9584 |    0000035B  A$lcc9584
     0000035C  A$lcc9584 |    0000035D  A$lcc9584 |    0000035E  A$lcc9584
     0000035F  A$lcc9584 |    00000360  A$lcc9584 |    00000361  A$lcc9584
     00000364  A$lcc9584 |    00000366  A$lcc9584 |    00000367  A$lcc9584
     00000368  A$lcc9584 |    00000369  A$lcc9584 |    0000036A  A$lcc9584
     0000036B  A$lcc9584 |    0000036C  A$lcc9584 |    0000036D  A$lcc9584
     0000036E  A$lcc9584 |    0000036E  C$main.c$ |    00000370  A$lcc9584
     00000371  A$lcc9584 |    00000374  A$lcc9584 |    00000375  A$lcc9584
     00000376  A$lcc9584 |    00000379  A$lcc9584 |    00000379  C$main.c$
     0000037C  A$lcc9584 |    0000037E  A$lcc9584 |    0000037E  C$main.c$
     00000381  A$lcc9584 |    00000383  A$lcc9584 |    00000383  C$main.c$
     00000386  A$lcc9584 |    00000386  C$main.c$ |    00000387  A$lcc9584
     00000389  A$lcc9584 |    0000038A  A$lcc9584 |    0000038B  A$lcc9584
     0000038D  A$lcc9584 |    0000038E  A$lcc9584 |    0000038F  A$lcc9584
     00000390  A$lcc9584 |    00000391  A$lcc9584 |    00000393  A$lcc9584
     00000394  A$lcc9584 |    00000396  A$lcc9584 |    00000399  A$lcc9584
ASxxxx Linker V03.00 + NoICE + sdld,  page 4.
Hexadecimal  [32-Bits]

Area                       Addr        Size        Decimal Bytes (Attributes)
--------------------       ----        ----        ------- ----- ------------
_CODE                  00000200    00000CA9 =        3241. bytes (REL,CON)

        Value  Global            Value  Global            Value  Global    
        -----  ------            -----  ------            -----  ------    
     00000399  C$main.c$ |    0000039C  A$lcc9584 |    0000039D  A$lcc9584
     0000039E  A$lcc9584 |    0000039F  A$lcc9584 |    000003A0  A$lcc9584
     000003A1  A$lcc9584 |    000003A2  A$lcc9584 |    000003A5  A$lcc9584
     000003A7  A$lcc9584 |    000003A8  A$lcc9584 |    000003A9  A$lcc9584
     000003AA  A$lcc9584 |    000003AB  A$lcc9584 |    000003AC  A$lcc9584
     000003AD  A$lcc9584 |    000003AE  A$lcc9584 |    000003AF  A$lcc9584
     000003AF  C$main.c$ |    000003B2  A$lcc9584 |    000003B4  A$lcc9584
     000003B5  A$lcc9584 |    000003B6  A$lcc9584 |    000003B7  A$lcc9584
     000003B8  A$lcc9584 |    000003B9  A$lcc9584 |    000003BA  A$lcc9584
     000003BD  A$lcc9584 |    000003BF  A$lcc9584 |    000003C0  A$lcc9584
     000003C1  A$lcc9584 |    000003C2  A$lcc9584 |    000003C3  A$lcc9584
     000003C4  A$lcc9584 |    000003C5  A$lcc9584 |    000003C6  A$lcc9584
     000003C7  A$lcc9584 |    000003C7  C$main.c$ |    000003CA  A$lcc9584
     000003CC  A$lcc9584 |    000003CD  A$lcc9584 |    000003CE  A$lcc9584
     000003CF  A$lcc9584 |    000003D0  A$lcc9584 |    000003D1  A$lcc9584
     000003D2  A$lcc9584 |    000003D5  A$lcc9584 |    000003D7  A$lcc9584
     000003D8  A$lcc9584 |    000003D9  A$lcc9584 |    000003DA  A$lcc9584
     000003DB  A$lcc9584 |    000003DC  A$lcc9584 |    000003DD  A$lcc9584
     000003DE  A$lcc9584 |    000003DF  A$lcc9584 |    000003DF  C$main.c$
     000003E2  A$lcc9584 |    000003E4  A$lcc9584 |    000003E5  A$lcc9584
     000003E6  A$lcc9584 |    000003E7  A$lcc9584 |    000003E8  A$lcc9584
     000003E9  A$lcc9584 |    000003EA  A$lcc9584 |    000003ED  A$lcc9584
     000003EF  A$lcc9584 |    000003F0  A$lcc9584 |    000003F1  A$lcc9584
     000003F2  A$lcc9584 |    000003F3  A$lcc9584 |    000003F4  A$lcc9584
     000003F5  A$lcc9584 |    000003F6  A$lcc9584 |    000003F7  A$lcc9584
     000003F7  C$main.c$ |    000003FA  A$lcc9584 |    000003FC  A$lcc9584
     000003FD  A$lcc9584 |    000003FE  A$lcc9584 |    000003FF  A$lcc9584
     00000400  A$lcc9584 |    00000401  A$lcc9584 |    00000402  A$lcc9584
     00000405  A$lcc9584 |    00000407  A$lcc9584 |    00000408  A$lcc9584
     00000409  A$lcc9584 |    0000040A  A$lcc9584 |    0000040B  A$lcc9584
     0000040C  A$lcc9584 |    0000040D  A$lcc9584 |    0000040E  A$lcc9584
     0000040F  A$lcc9584 |    0000040F  C$main.c$ |    00000412  A$lcc9584
     00000414  A$lcc9584 |    00000415  A$lcc9584 |    00000416  A$lcc9584
     00000417  A$lcc9584 |    00000418  A$lcc9584 |    00000419  A$lcc9584
     0000041A  A$lcc9584 |    0000041D  A$lcc9584 |    0000041F  A$lcc9584
     00000420  A$lcc9584 |    00000421  A$lcc9584 |    00000422  A$lcc9584
     00000423  A$lcc9584 |    00000424  A$lcc9584 |    00000425  A$lcc9584
     00000426  A$lcc9584 |    00000427  A$lcc9584 |    00000427  C$main.c$
     0000042A  A$lcc9584 |    0000042C  A$lcc9584 |    0000042D  A$lcc9584
     0000042E  A$lcc9584 |    0000042F  A$lcc9584 |    00000430  A$lcc9584
     00000431  A$lcc9584 |    00000432  A$lcc9584 |    00000435  A$lcc9584
     00000437  A$lcc9584 |    00000438  A$lcc9584 |    00000439  A$lcc9584
     0000043A  A$lcc9584 |    0000043B  A$lcc9584 |    0000043C  A$lcc9584
     0000043D  A$lcc9584 |    0000043E  A$lcc9584 |    0000043F  A$lcc9584
     0000043F  C$main.c$ |    00000442  A$lcc9584 |    00000444  A$lcc9584
     00000445  A$lcc9584 |    00000446  A$lcc9584 |    00000447  A$lcc9584
     00000448  A$lcc9584 |    00000449  A$lcc9584 |    0000044A  A$lcc9584
     0000044D  A$lcc9584 |    0000044F  A$lcc9584 |    00000450  A$lcc9584
     00000451  A$lcc9584 |    00000452  A$lcc9584 |    00000453  A$lcc9584
     00000454  A$lcc9584 |    00000455  A$lcc9584 |    00000456  A$lcc9584
     00000457  A$lcc9584 |    00000457  C$main.c$ |    00000459  A$lcc9584
ASxxxx Linker V03.00 + NoICE + sdld,  page 5.
Hexadecimal  [32-Bits]

Area                       Addr        Size        Decimal Bytes (Attributes)
--------------------       ----        ----        ------- ----- ------------
_CODE                  00000200    00000CA9 =        3241. bytes (REL,CON)

        Value  Global            Value  Global            Value  Global    
        -----  ------            -----  ------            -----  ------    
     0000045A  A$lcc9584 |    0000045D  A$lcc9584 |    0000045E  A$lcc9584
     0000045F  A$lcc9584 |    00000462  A$lcc9584 |    00000462  C$main.c$
     00000465  A$lcc9584 |    00000467  A$lcc9584 |    00000467  C$main.c$
     0000046A  A$lcc9584 |    0000046C  A$lcc9584 |    0000046C  C$main.c$
     0000046E  A$lcc9584 |    0000046E  C$main.c$ |    0000046E  XG$songse
     0000046F  A$lcc9584 |    0000046F  C$main.c$ |    0000046F  G$SongHan
     0000046F  _SongHand |    00000471  A$lcc9584 |    00000471  C$main.c$
     00000474  A$lcc9584 |    00000476  A$lcc9584 |    00000477  A$lcc9584
     00000478  A$lcc9584 |    00000479  A$lcc9584 |    0000047A  A$lcc9584
     0000047B  A$lcc9584 |    0000047C  A$lcc9584 |    0000047D  A$lcc9584
     0000047E  A$lcc9584 |    0000047F  A$lcc9584 |    00000481  A$lcc9584
     00000484  A$lcc9584 |    00000485  A$lcc9584 |    00000487  A$lcc9584
     00000489  A$lcc9584 |    0000048A  A$lcc9584 |    0000048B  A$lcc9584
     0000048C  A$lcc9584 |    0000048D  A$lcc9584 |    0000048F  A$lcc9584
     0000048F  C$main.c$ |    00000490  A$lcc9584 |    00000492  A$lcc9584
     00000493  A$lcc9584 |    00000495  A$lcc9584 |    00000496  A$lcc9584
     00000498  A$lcc9584 |    00000499  A$lcc9584 |    0000049A  A$lcc9584
     0000049D  A$lcc9584 |    0000049F  A$lcc9584 |    0000049F  C$main.c$
     000004A2  A$lcc9584 |    000004A4  A$lcc9584 |    000004A5  A$lcc9584
     000004A6  A$lcc9584 |    000004A7  A$lcc9584 |    000004A8  A$lcc9584
     000004A9  A$lcc9584 |    000004AA  A$lcc9584 |    000004AB  A$lcc9584
     000004AC  A$lcc9584 |    000004AD  A$lcc9584 |    000004AF  A$lcc9584
     000004B2  A$lcc9584 |    000004B3  A$lcc9584 |    000004B5  A$lcc9584
     000004B7  A$lcc9584 |    000004B8  A$lcc9584 |    000004B9  A$lcc9584
     000004BA  A$lcc9584 |    000004BB  A$lcc9584 |    000004BD  A$lcc9584
     000004BD  C$main.c$ |    000004BE  A$lcc9584 |    000004C0  A$lcc9584
     000004C1  A$lcc9584 |    000004C3  A$lcc9584 |    000004C4  A$lcc9584
     000004C6  A$lcc9584 |    000004C7  A$lcc9584 |    000004C8  A$lcc9584
     000004CB  A$lcc9584 |    000004CD  A$lcc9584 |    000004CD  C$main.c$
     000004D0  A$lcc9584 |    000004D2  A$lcc9584 |    000004D3  A$lcc9584
     000004D4  A$lcc9584 |    000004D5  A$lcc9584 |    000004D6  A$lcc9584
     000004D7  A$lcc9584 |    000004D8  A$lcc9584 |    000004D9  A$lcc9584
     000004DA  A$lcc9584 |    000004DB  A$lcc9584 |    000004DD  A$lcc9584
     000004E0  A$lcc9584 |    000004E1  A$lcc9584 |    000004E3  A$lcc9584
     000004E5  A$lcc9584 |    000004E6  A$lcc9584 |    000004E7  A$lcc9584
     000004E8  A$lcc9584 |    000004E9  A$lcc9584 |    000004EB  A$lcc9584
     000004EB  C$main.c$ |    000004EC  A$lcc9584 |    000004EE  A$lcc9584
     000004EF  A$lcc9584 |    000004F1  A$lcc9584 |    000004F2  A$lcc9584
     000004F4  A$lcc9584 |    000004F5  A$lcc9584 |    000004F6  A$lcc9584
     000004F9  A$lcc9584 |    000004FB  A$lcc9584 |    000004FB  C$main.c$
     000004FE  A$lcc9584 |    00000500  A$lcc9584 |    00000501  A$lcc9584
     00000502  A$lcc9584 |    00000503  A$lcc9584 |    00000504  A$lcc9584
     00000505  A$lcc9584 |    00000506  A$lcc9584 |    00000507  A$lcc9584
     00000508  A$lcc9584 |    00000509  A$lcc9584 |    0000050B  A$lcc9584
     0000050E  A$lcc9584 |    0000050F  A$lcc9584 |    00000511  A$lcc9584
     00000513  A$lcc9584 |    00000514  A$lcc9584 |    00000515  A$lcc9584
     00000516  A$lcc9584 |    00000517  A$lcc9584 |    00000519  A$lcc9584
     00000519  C$main.c$ |    0000051A  A$lcc9584 |    0000051C  A$lcc9584
     0000051D  A$lcc9584 |    0000051F  A$lcc9584 |    00000520  A$lcc9584
     00000522  A$lcc9584 |    00000523  A$lcc9584 |    00000524  A$lcc9584
     00000527  A$lcc9584 |    00000529  A$lcc9584 |    00000529  C$main.c$
ASxxxx Linker V03.00 + NoICE + sdld,  page 6.
Hexadecimal  [32-Bits]

Area                       Addr        Size        Decimal Bytes (Attributes)
--------------------       ----        ----        ------- ----- ------------
_CODE                  00000200    00000CA9 =        3241. bytes (REL,CON)

        Value  Global            Value  Global            Value  Global    
        -----  ------            -----  ------            -----  ------    
     0000052C  A$lcc9584 |    0000052E  A$lcc9584 |    0000052F  A$lcc9584
     00000530  A$lcc9584 |    00000531  A$lcc9584 |    00000532  A$lcc9584
     00000533  A$lcc9584 |    00000534  A$lcc9584 |    00000535  A$lcc9584
     00000536  A$lcc9584 |    00000537  A$lcc9584 |    00000539  A$lcc9584
     0000053C  A$lcc9584 |    0000053D  A$lcc9584 |    0000053F  A$lcc9584
     00000541  A$lcc9584 |    00000542  A$lcc9584 |    00000543  A$lcc9584
     00000544  A$lcc9584 |    00000545  A$lcc9584 |    00000547  A$lcc9584
     00000547  C$main.c$ |    00000548  A$lcc9584 |    0000054A  A$lcc9584
     0000054B  A$lcc9584 |    0000054D  A$lcc9584 |    0000054E  A$lcc9584
     00000550  A$lcc9584 |    00000551  A$lcc9584 |    00000552  A$lcc9584
     00000555  A$lcc9584 |    00000557  A$lcc9584 |    00000557  C$main.c$
     0000055A  A$lcc9584 |    0000055C  A$lcc9584 |    0000055D  A$lcc9584
     0000055E  A$lcc9584 |    0000055F  A$lcc9584 |    00000560  A$lcc9584
     00000561  A$lcc9584 |    00000562  A$lcc9584 |    00000563  A$lcc9584
     00000564  A$lcc9584 |    00000565  A$lcc9584 |    00000567  A$lcc9584
     0000056A  A$lcc9584 |    0000056B  A$lcc9584 |    0000056D  A$lcc9584
     0000056F  A$lcc9584 |    00000570  A$lcc9584 |    00000571  A$lcc9584
     00000572  A$lcc9584 |    00000573  A$lcc9584 |    00000575  A$lcc9584
     00000575  C$main.c$ |    00000576  A$lcc9584 |    00000578  A$lcc9584
     00000579  A$lcc9584 |    0000057B  A$lcc9584 |    0000057C  A$lcc9584
     0000057E  A$lcc9584 |    0000057F  A$lcc9584 |    00000580  A$lcc9584
     00000583  A$lcc9584 |    00000585  A$lcc9584 |    00000585  C$main.c$
     00000588  A$lcc9584 |    0000058A  A$lcc9584 |    0000058B  A$lcc9584
     0000058C  A$lcc9584 |    0000058D  A$lcc9584 |    0000058E  A$lcc9584
     0000058F  A$lcc9584 |    00000590  A$lcc9584 |    00000591  A$lcc9584
     00000592  A$lcc9584 |    00000593  A$lcc9584 |    00000595  A$lcc9584
     00000598  A$lcc9584 |    00000599  A$lcc9584 |    0000059B  A$lcc9584
     0000059D  A$lcc9584 |    0000059E  A$lcc9584 |    0000059F  A$lcc9584
     000005A0  A$lcc9584 |    000005A1  A$lcc9584 |    000005A3  A$lcc9584
     000005A3  C$main.c$ |    000005A4  A$lcc9584 |    000005A6  A$lcc9584
     000005A7  A$lcc9584 |    000005A9  A$lcc9584 |    000005AA  A$lcc9584
     000005AC  A$lcc9584 |    000005AD  A$lcc9584 |    000005AE  A$lcc9584
     000005B1  A$lcc9584 |    000005B3  A$lcc9584 |    000005B3  C$main.c$
     000005B6  A$lcc9584 |    000005B8  A$lcc9584 |    000005B9  A$lcc9584
     000005BA  A$lcc9584 |    000005BB  A$lcc9584 |    000005BC  A$lcc9584
     000005BD  A$lcc9584 |    000005BE  A$lcc9584 |    000005BF  A$lcc9584
     000005C0  A$lcc9584 |    000005C1  A$lcc9584 |    000005C3  A$lcc9584
     000005C6  A$lcc9584 |    000005C7  A$lcc9584 |    000005C9  A$lcc9584
     000005CB  A$lcc9584 |    000005CC  A$lcc9584 |    000005CD  A$lcc9584
     000005CE  A$lcc9584 |    000005CF  A$lcc9584 |    000005D1  A$lcc9584
     000005D1  C$main.c$ |    000005D2  A$lcc9584 |    000005D4  A$lcc9584
     000005D5  A$lcc9584 |    000005D7  A$lcc9584 |    000005D8  A$lcc9584
     000005DA  A$lcc9584 |    000005DB  A$lcc9584 |    000005DC  A$lcc9584
     000005DF  A$lcc9584 |    000005E1  A$lcc9584 |    000005E1  C$main.c$
     000005E3  A$lcc9584 |    000005E5  A$lcc9584 |    000005E7  A$lcc9584
     000005E8  A$lcc9584 |    000005EA  A$lcc9584 |    000005ED  A$lcc9584
     000005ED  C$main.c$ |    000005EF  A$lcc9584 |    000005EF  C$main.c$
     000005F0  A$lcc9584 |    000005F2  A$lcc9584 |    000005F5  A$lcc9584
     000005F6  A$lcc9584 |    000005F8  A$lcc9584 |    000005F9  A$lcc9584
     000005FC  A$lcc9584 |    000005FD  A$lcc9584 |    000005FD  C$main.c$
     000005FE  A$lcc9584 |    000005FF  A$lcc9584 |    00000600  A$lcc9584
ASxxxx Linker V03.00 + NoICE + sdld,  page 7.
Hexadecimal  [32-Bits]

Area                       Addr        Size        Decimal Bytes (Attributes)
--------------------       ----        ----        ------- ----- ------------
_CODE                  00000200    00000CA9 =        3241. bytes (REL,CON)

        Value  Global            Value  Global            Value  Global    
        -----  ------            -----  ------            -----  ------    
     00000601  A$lcc9584 |    00000602  A$lcc9584 |    00000603  A$lcc9584
     00000605  A$lcc9584 |    00000606  A$lcc9584 |    00000607  A$lcc9584
     0000060A  A$lcc9584 |    0000060B  A$lcc9584 |    0000060C  A$lcc9584
     0000060D  A$lcc9584 |    0000060F  A$lcc9584 |    00000610  A$lcc9584
     00000610  C$main.c$ |    00000611  A$lcc9584 |    00000612  A$lcc9584
     00000613  A$lcc9584 |    00000614  A$lcc9584 |    00000616  A$lcc9584
     00000617  A$lcc9584 |    0000061A  A$lcc9584 |    0000061B  A$lcc9584
     0000061C  A$lcc9584 |    0000061D  A$lcc9584 |    0000061F  A$lcc9584
     00000620  A$lcc9584 |    00000620  C$main.c$ |    00000621  A$lcc9584
     00000622  A$lcc9584 |    00000623  A$lcc9584 |    00000625  A$lcc9584
     00000626  A$lcc9584 |    00000629  A$lcc9584 |    0000062A  A$lcc9584
     0000062B  A$lcc9584 |    0000062B  C$main.c$ |    0000062C  A$lcc9584
     0000062D  A$lcc9584 |    00000630  A$lcc9584 |    00000630  C$main.c$
     00000631  A$lcc9584 |    00000632  A$lcc9584 |    00000635  A$lcc9584
     00000635  C$main.c$ |    00000636  A$lcc9584 |    00000638  A$lcc9584
     0000063A  A$lcc9584 |    0000063A  C$main.c$ |    0000063C  A$lcc9584
     0000063D  A$lcc9584 |    0000063E  A$lcc9584 |    00000640  A$lcc9584
     00000640  C$main.c$ |    00000642  A$lcc9584 |    00000643  A$lcc9584
     00000644  A$lcc9584 |    00000645  A$lcc9584 |    00000646  A$lcc9584
     00000648  A$lcc9584 |    00000649  A$lcc9584 |    0000064A  A$lcc9584
     0000064D  A$lcc9584 |    0000064F  A$lcc9584 |    00000651  A$lcc9584
     00000651  C$main.c$ |    00000653  A$lcc9584 |    00000654  A$lcc9584
     00000655  A$lcc9584 |    00000656  A$lcc9584 |    00000657  A$lcc9584
     00000659  A$lcc9584 |    0000065A  A$lcc9584 |    0000065B  A$lcc9584
     0000065E  A$lcc9584 |    00000660  A$lcc9584 |    00000662  A$lcc9584
     00000662  C$main.c$ |    00000665  A$lcc9584 |    00000667  A$lcc9584
     00000667  C$main.c$ |    00000669  A$lcc9584 |    0000066A  A$lcc9584
     0000066B  A$lcc9584 |    0000066D  A$lcc9584 |    0000066D  C$main.c$
     0000066F  A$lcc9584 |    00000670  A$lcc9584 |    00000671  A$lcc9584
     00000672  A$lcc9584 |    00000674  A$lcc9584 |    00000675  A$lcc9584
     00000678  A$lcc9584 |    0000067A  A$lcc9584 |    0000067C  A$lcc9584
     0000067C  C$main.c$ |    0000067E  A$lcc9584 |    0000067F  A$lcc9584
     00000681  A$lcc9584 |    00000683  A$lcc9584 |    00000685  A$lcc9584
     00000686  A$lcc9584 |    00000687  A$lcc9584 |    00000689  A$lcc9584
     0000068A  A$lcc9584 |    0000068B  A$lcc9584 |    0000068D  A$lcc9584
     0000068F  A$lcc9584 |    00000691  A$lcc9584 |    00000691  C$main.c$
     00000693  A$lcc9584 |    00000694  A$lcc9584 |    00000695  A$lcc9584
     00000696  A$lcc9584 |    00000697  A$lcc9584 |    00000699  A$lcc9584
     0000069A  A$lcc9584 |    0000069B  A$lcc9584 |    0000069E  A$lcc9584
     000006A0  A$lcc9584 |    000006A2  A$lcc9584 |    000006A2  C$main.c$
     000006A4  A$lcc9584 |    000006A6  A$lcc9584 |    000006A6  C$main.c$
     000006A8  A$lcc9584 |    000006A9  A$lcc9584 |    000006AA  A$lcc9584
     000006AB  A$lcc9584 |    000006AC  A$lcc9584 |    000006AE  A$lcc9584
     000006AF  A$lcc9584 |    000006B0  A$lcc9584 |    000006B3  A$lcc9584
     000006B5  A$lcc9584 |    000006B7  A$lcc9584 |    000006B7  C$main.c$
     000006B8  A$lcc9584 |    000006BA  A$lcc9584 |    000006BC  A$lcc9584
     000006BC  C$main.c$ |    000006BE  A$lcc9584 |    000006BF  A$lcc9584
     000006C0  A$lcc9584 |    000006C1  A$lcc9584 |    000006C3  A$lcc9584
     000006C4  A$lcc9584 |    000006C7  A$lcc9584 |    000006C9  A$lcc9584
     000006CB  A$lcc9584 |    000006CB  C$main.c$ |    000006CC  A$lcc9584
     000006CE  A$lcc9584 |    000006D0  A$lcc9584 |    000006D0  C$main.c$
ASxxxx Linker V03.00 + NoICE + sdld,  page 8.
Hexadecimal  [32-Bits]

Area                       Addr        Size        Decimal Bytes (Attributes)
--------------------       ----        ----        ------- ----- ------------
_CODE                  00000200    00000CA9 =        3241. bytes (REL,CON)

        Value  Global            Value  Global            Value  Global    
        -----  ------            -----  ------            -----  ------    
     000006D1  A$lcc9584 |    000006D2  A$lcc9584 |    000006D3  A$lcc9584
     000006D4  A$lcc9584 |    000006D6  A$lcc9584 |    000006D7  A$lcc9584
     000006DA  A$lcc9584 |    000006DC  A$lcc9584 |    000006DE  A$lcc9584
     000006DE  C$main.c$ |    000006DF  A$lcc9584 |    000006E0  A$lcc9584
     000006E1  A$lcc9584 |    000006E2  A$lcc9584 |    000006E3  A$lcc9584
     000006E5  A$lcc9584 |    000006E6  A$lcc9584 |    000006E9  A$lcc9584
     000006EB  A$lcc9584 |    000006EB  C$main.c$ |    000006EC  A$lcc9584
     000006EF  A$lcc9584 |    000006EF  C$main.c$ |    000006F1  A$lcc9584
     000006F1  C$main.c$ |    000006F2  A$lcc9584 |    000006F4  A$lcc9584
     000006F7  A$lcc9584 |    000006F8  A$lcc9584 |    000006FA  A$lcc9584
     000006FB  A$lcc9584 |    000006FE  A$lcc9584 |    000006FF  A$lcc9584
     000006FF  C$main.c$ |    00000700  A$lcc9584 |    00000701  A$lcc9584
     00000702  A$lcc9584 |    00000703  A$lcc9584 |    00000704  A$lcc9584
     00000705  A$lcc9584 |    00000707  A$lcc9584 |    00000708  A$lcc9584
     00000709  A$lcc9584 |    0000070C  A$lcc9584 |    0000070D  A$lcc9584
     0000070E  A$lcc9584 |    0000070F  A$lcc9584 |    00000711  A$lcc9584
     00000712  A$lcc9584 |    00000712  C$main.c$ |    00000713  A$lcc9584
     00000714  A$lcc9584 |    00000715  A$lcc9584 |    00000716  A$lcc9584
     00000718  A$lcc9584 |    00000719  A$lcc9584 |    0000071C  A$lcc9584
     0000071D  A$lcc9584 |    0000071E  A$lcc9584 |    0000071F  A$lcc9584
     00000721  A$lcc9584 |    00000722  A$lcc9584 |    00000722  C$main.c$
     00000723  A$lcc9584 |    00000724  A$lcc9584 |    00000725  A$lcc9584
     00000727  A$lcc9584 |    00000728  A$lcc9584 |    0000072B  A$lcc9584
     0000072C  A$lcc9584 |    0000072D  A$lcc9584 |    0000072D  C$main.c$
     0000072E  A$lcc9584 |    0000072F  A$lcc9584 |    00000732  A$lcc9584
     00000732  C$main.c$ |    00000733  A$lcc9584 |    00000735  A$lcc9584
     00000737  A$lcc9584 |    00000737  C$main.c$ |    00000738  A$lcc9584
     0000073A  A$lcc9584 |    0000073C  A$lcc9584 |    0000073C  C$main.c$
     0000073E  A$lcc9584 |    0000073F  A$lcc9584 |    00000740  A$lcc9584
     00000742  A$lcc9584 |    00000742  C$main.c$ |    00000744  A$lcc9584
     00000745  A$lcc9584 |    00000746  A$lcc9584 |    00000747  A$lcc9584
     00000748  A$lcc9584 |    0000074A  A$lcc9584 |    0000074B  A$lcc9584
     0000074C  A$lcc9584 |    0000074F  A$lcc9584 |    00000751  A$lcc9584
     00000753  A$lcc9584 |    00000753  C$main.c$ |    00000755  A$lcc9584
     00000756  A$lcc9584 |    00000757  A$lcc9584 |    00000758  A$lcc9584
     00000759  A$lcc9584 |    0000075B  A$lcc9584 |    0000075C  A$lcc9584
     0000075D  A$lcc9584 |    00000760  A$lcc9584 |    00000762  A$lcc9584
     00000762  C$main.c$ |    00000764  A$lcc9584 |    00000765  A$lcc9584
     00000766  A$lcc9584 |    00000768  A$lcc9584 |    00000768  C$main.c$
     0000076A  A$lcc9584 |    0000076B  A$lcc9584 |    0000076C  A$lcc9584
     0000076D  A$lcc9584 |    0000076F  A$lcc9584 |    00000770  A$lcc9584
     00000773  A$lcc9584 |    00000775  A$lcc9584 |    00000777  A$lcc9584
     00000777  C$main.c$ |    00000779  A$lcc9584 |    0000077A  A$lcc9584
     0000077C  A$lcc9584 |    0000077E  A$lcc9584 |    00000780  A$lcc9584
     00000781  A$lcc9584 |    00000782  A$lcc9584 |    00000784  A$lcc9584
     00000785  A$lcc9584 |    00000786  A$lcc9584 |    00000788  A$lcc9584
     0000078A  A$lcc9584 |    0000078C  A$lcc9584 |    0000078C  C$main.c$
     0000078E  A$lcc9584 |    0000078F  A$lcc9584 |    00000790  A$lcc9584
     00000791  A$lcc9584 |    00000792  A$lcc9584 |    00000794  A$lcc9584
     00000795  A$lcc9584 |    00000796  A$lcc9584 |    00000799  A$lcc9584
     0000079B  A$lcc9584 |    0000079D  A$lcc9584 |    0000079D  C$main.c$
ASxxxx Linker V03.00 + NoICE + sdld,  page 9.
Hexadecimal  [32-Bits]

Area                       Addr        Size        Decimal Bytes (Attributes)
--------------------       ----        ----        ------- ----- ------------
_CODE                  00000200    00000CA9 =        3241. bytes (REL,CON)

        Value  Global            Value  Global            Value  Global    
        -----  ------            -----  ------            -----  ------    
     0000079F  A$lcc9584 |    000007A1  A$lcc9584 |    000007A1  C$main.c$
     000007A3  A$lcc9584 |    000007A4  A$lcc9584 |    000007A5  A$lcc9584
     000007A6  A$lcc9584 |    000007A7  A$lcc9584 |    000007A9  A$lcc9584
     000007AA  A$lcc9584 |    000007AB  A$lcc9584 |    000007AE  A$lcc9584
     000007B0  A$lcc9584 |    000007B2  A$lcc9584 |    000007B2  C$main.c$
     000007B3  A$lcc9584 |    000007B5  A$lcc9584 |    000007B7  A$lcc9584
     000007B7  C$main.c$ |    000007B9  A$lcc9584 |    000007BA  A$lcc9584
     000007BB  A$lcc9584 |    000007BC  A$lcc9584 |    000007BE  A$lcc9584
     000007BF  A$lcc9584 |    000007C2  A$lcc9584 |    000007C4  A$lcc9584
     000007C6  A$lcc9584 |    000007C6  C$main.c$ |    000007C7  A$lcc9584
     000007C9  A$lcc9584 |    000007CB  A$lcc9584 |    000007CB  C$main.c$
     000007CC  A$lcc9584 |    000007CD  A$lcc9584 |    000007CE  A$lcc9584
     000007CF  A$lcc9584 |    000007D1  A$lcc9584 |    000007D2  A$lcc9584
     000007D5  A$lcc9584 |    000007D7  A$lcc9584 |    000007D9  A$lcc9584
     000007D9  C$main.c$ |    000007DA  A$lcc9584 |    000007DB  A$lcc9584
     000007DC  A$lcc9584 |    000007DD  A$lcc9584 |    000007DE  A$lcc9584
     000007E0  A$lcc9584 |    000007E1  A$lcc9584 |    000007E4  A$lcc9584
     000007E6  A$lcc9584 |    000007E6  C$main.c$ |    000007E7  A$lcc9584
     000007EA  A$lcc9584 |    000007EA  C$main.c$ |    000007EC  A$lcc9584
     000007EC  C$main.c$ |    000007ED  A$lcc9584 |    000007EF  A$lcc9584
     000007F2  A$lcc9584 |    000007F3  A$lcc9584 |    000007F5  A$lcc9584
     000007F6  A$lcc9584 |    000007F9  A$lcc9584 |    000007FA  A$lcc9584
     000007FA  C$main.c$ |    000007FB  A$lcc9584 |    000007FC  A$lcc9584
     000007FD  A$lcc9584 |    000007FE  A$lcc9584 |    000007FF  A$lcc9584
     00000800  A$lcc9584 |    00000802  A$lcc9584 |    00000803  A$lcc9584
     00000804  A$lcc9584 |    00000807  A$lcc9584 |    00000808  A$lcc9584
     00000809  A$lcc9584 |    0000080A  A$lcc9584 |    0000080B  A$lcc9584
     0000080B  C$main.c$ |    0000080C  A$lcc9584 |    0000080D  A$lcc9584
     0000080E  A$lcc9584 |    0000080F  A$lcc9584 |    00000810  A$lcc9584
     00000812  A$lcc9584 |    00000813  A$lcc9584 |    00000816  A$lcc9584
     00000817  A$lcc9584 |    00000818  A$lcc9584 |    00000819  A$lcc9584
     0000081A  A$lcc9584 |    0000081B  A$lcc9584 |    0000081B  C$main.c$
     0000081C  A$lcc9584 |    0000081D  A$lcc9584 |    0000081E  A$lcc9584
     0000081F  A$lcc9584 |    00000821  A$lcc9584 |    00000822  A$lcc9584
     00000825  A$lcc9584 |    00000826  A$lcc9584 |    00000827  A$lcc9584
     00000828  A$lcc9584 |    00000828  C$main.c$ |    00000829  A$lcc9584
     0000082A  A$lcc9584 |    0000082D  A$lcc9584 |    0000082D  C$main.c$
     0000082E  A$lcc9584 |    00000830  A$lcc9584 |    00000832  A$lcc9584
     00000832  C$main.c$ |    00000833  A$lcc9584 |    00000835  A$lcc9584
     00000837  A$lcc9584 |    00000837  C$main.c$ |    00000838  A$lcc9584
     00000839  A$lcc9584 |    0000083B  A$lcc9584 |    0000083B  C$main.c$
     0000083C  A$lcc9584 |    0000083E  A$lcc9584 |    0000083F  A$lcc9584
     00000840  A$lcc9584 |    00000841  A$lcc9584 |    00000842  A$lcc9584
     00000844  A$lcc9584 |    00000845  A$lcc9584 |    00000846  A$lcc9584
     00000849  A$lcc9584 |    0000084B  A$lcc9584 |    0000084C  A$lcc9584
     0000084E  A$lcc9584 |    0000084E  C$main.c$ |    0000084F  A$lcc9584
     00000851  A$lcc9584 |    00000852  A$lcc9584 |    00000853  A$lcc9584
     00000854  A$lcc9584 |    00000855  A$lcc9584 |    00000857  A$lcc9584
     00000858  A$lcc9584 |    00000859  A$lcc9584 |    0000085C  A$lcc9584
     0000085E  A$lcc9584 |    0000085F  A$lcc9584 |    0000085F  C$main.c$
     00000860  A$lcc9584 |    00000861  A$lcc9584 |    00000863  A$lcc9584
ASxxxx Linker V03.00 + NoICE + sdld,  page 10.
Hexadecimal  [32-Bits]

Area                       Addr        Size        Decimal Bytes (Attributes)
--------------------       ----        ----        ------- ----- ------------
_CODE                  00000200    00000CA9 =        3241. bytes (REL,CON)

        Value  Global            Value  Global            Value  Global    
        -----  ------            -----  ------            -----  ------    
     00000863  C$main.c$ |    00000865  A$lcc9584 |    00000866  A$lcc9584
     00000867  A$lcc9584 |    00000868  A$lcc9584 |    0000086A  A$lcc9584
     0000086B  A$lcc9584 |    0000086E  A$lcc9584 |    00000870  A$lcc9584
     00000872  A$lcc9584 |    00000872  C$main.c$ |    00000873  A$lcc9584
     00000875  A$lcc9584 |    00000877  A$lcc9584 |    00000879  A$lcc9584
     0000087A  A$lcc9584 |    0000087B  A$lcc9584 |    0000087C  A$lcc9584
     0000087D  A$lcc9584 |    0000087F  A$lcc9584 |    00000881  A$lcc9584
     00000883  A$lcc9584 |    00000883  C$main.c$ |    00000885  A$lcc9584
     00000886  A$lcc9584 |    00000887  A$lcc9584 |    00000888  A$lcc9584
     00000889  A$lcc9584 |    0000088B  A$lcc9584 |    0000088C  A$lcc9584
     0000088D  A$lcc9584 |    00000890  A$lcc9584 |    00000892  A$lcc9584
     00000894  A$lcc9584 |    00000894  C$main.c$ |    00000896  A$lcc9584
     00000898  A$lcc9584 |    00000898  C$main.c$ |    0000089A  A$lcc9584
     0000089B  A$lcc9584 |    0000089C  A$lcc9584 |    0000089D  A$lcc9584
     0000089E  A$lcc9584 |    000008A0  A$lcc9584 |    000008A1  A$lcc9584
     000008A2  A$lcc9584 |    000008A5  A$lcc9584 |    000008A7  A$lcc9584
     000008A9  A$lcc9584 |    000008A9  C$main.c$ |    000008AA  A$lcc9584
     000008AC  A$lcc9584 |    000008AE  A$lcc9584 |    000008AE  C$main.c$
     000008B0  A$lcc9584 |    000008B1  A$lcc9584 |    000008B2  A$lcc9584
     000008B3  A$lcc9584 |    000008B5  A$lcc9584 |    000008B6  A$lcc9584
     000008B9  A$lcc9584 |    000008BB  A$lcc9584 |    000008BD  A$lcc9584
     000008BD  C$main.c$ |    000008BE  A$lcc9584 |    000008C0  A$lcc9584
     000008C2  A$lcc9584 |    000008C2  C$main.c$ |    000008C3  A$lcc9584
     000008C4  A$lcc9584 |    000008C5  A$lcc9584 |    000008C6  A$lcc9584
     000008C8  A$lcc9584 |    000008C9  A$lcc9584 |    000008CC  A$lcc9584
     000008CE  A$lcc9584 |    000008D0  A$lcc9584 |    000008D0  C$main.c$
     000008D1  A$lcc9584 |    000008D2  A$lcc9584 |    000008D3  A$lcc9584
     000008D4  A$lcc9584 |    000008D5  A$lcc9584 |    000008D7  A$lcc9584
     000008D8  A$lcc9584 |    000008DB  A$lcc9584 |    000008DD  A$lcc9584
     000008DD  C$main.c$ |    000008DE  A$lcc9584 |    000008E1  A$lcc9584
     000008E1  C$main.c$ |    000008E3  A$lcc9584 |    000008E3  C$main.c$
     000008E4  A$lcc9584 |    000008E6  A$lcc9584 |    000008E9  A$lcc9584
     000008EA  A$lcc9584 |    000008EC  A$lcc9584 |    000008ED  A$lcc9584
     000008F0  A$lcc9584 |    000008F1  A$lcc9584 |    000008F1  C$main.c$
     000008F2  A$lcc9584 |    000008F3  A$lcc9584 |    000008F4  A$lcc9584
     000008F5  A$lcc9584 |    000008F6  A$lcc9584 |    000008F7  A$lcc9584
     000008F9  A$lcc9584 |    000008FA  A$lcc9584 |    000008FB  A$lcc9584
     000008FE  A$lcc9584 |    000008FF  A$lcc9584 |    00000900  A$lcc9584
     00000901  A$lcc9584 |    00000902  A$lcc9584 |    00000902  C$main.c$
     00000903  A$lcc9584 |    00000904  A$lcc9584 |    00000905  A$lcc9584
     00000906  A$lcc9584 |    00000907  A$lcc9584 |    00000909  A$lcc9584
     0000090A  A$lcc9584 |    0000090D  A$lcc9584 |    0000090E  A$lcc9584
     0000090F  A$lcc9584 |    00000910  A$lcc9584 |    00000911  A$lcc9584
     00000912  A$lcc9584 |    00000912  C$main.c$ |    00000913  A$lcc9584
     00000914  A$lcc9584 |    00000915  A$lcc9584 |    00000916  A$lcc9584
     00000918  A$lcc9584 |    00000919  A$lcc9584 |    0000091C  A$lcc9584
     0000091D  A$lcc9584 |    0000091E  A$lcc9584 |    0000091F  A$lcc9584
     0000091F  C$main.c$ |    00000920  A$lcc9584 |    00000921  A$lcc9584
     00000924  A$lcc9584 |    00000924  C$main.c$ |    00000925  A$lcc9584
     00000927  A$lcc9584 |    00000929  A$lcc9584 |    00000929  C$main.c$
     0000092A  A$lcc9584 |    0000092C  A$lcc9584 |    0000092E  A$lcc9584
ASxxxx Linker V03.00 + NoICE + sdld,  page 11.
Hexadecimal  [32-Bits]

Area                       Addr        Size        Decimal Bytes (Attributes)
--------------------       ----        ----        ------- ----- ------------
_CODE                  00000200    00000CA9 =        3241. bytes (REL,CON)

        Value  Global            Value  Global            Value  Global    
        -----  ------            -----  ------            -----  ------    
     0000092E  C$main.c$ |    0000092F  A$lcc9584 |    00000930  A$lcc9584
     00000932  A$lcc9584 |    00000932  C$main.c$ |    00000933  A$lcc9584
     00000935  A$lcc9584 |    00000936  A$lcc9584 |    00000937  A$lcc9584
     00000938  A$lcc9584 |    00000939  A$lcc9584 |    0000093B  A$lcc9584
     0000093C  A$lcc9584 |    0000093D  A$lcc9584 |    00000940  A$lcc9584
     00000942  A$lcc9584 |    00000943  A$lcc9584 |    00000945  A$lcc9584
     00000945  C$main.c$ |    00000946  A$lcc9584 |    00000948  A$lcc9584
     00000949  A$lcc9584 |    0000094A  A$lcc9584 |    0000094B  A$lcc9584
     0000094C  A$lcc9584 |    0000094E  A$lcc9584 |    0000094F  A$lcc9584
     00000950  A$lcc9584 |    00000953  A$lcc9584 |    00000955  A$lcc9584
     00000956  A$lcc9584 |    00000956  C$main.c$ |    00000957  A$lcc9584
     00000958  A$lcc9584 |    0000095A  A$lcc9584 |    0000095A  C$main.c$
     0000095C  A$lcc9584 |    0000095D  A$lcc9584 |    0000095E  A$lcc9584
     0000095F  A$lcc9584 |    00000961  A$lcc9584 |    00000962  A$lcc9584
     00000965  A$lcc9584 |    00000967  A$lcc9584 |    00000969  A$lcc9584
     00000969  C$main.c$ |    0000096A  A$lcc9584 |    0000096C  A$lcc9584
     0000096E  A$lcc9584 |    00000970  A$lcc9584 |    00000971  A$lcc9584
     00000972  A$lcc9584 |    00000973  A$lcc9584 |    00000974  A$lcc9584
     00000976  A$lcc9584 |    00000978  A$lcc9584 |    0000097A  A$lcc9584
     0000097A  C$main.c$ |    0000097C  A$lcc9584 |    0000097D  A$lcc9584
     0000097E  A$lcc9584 |    0000097F  A$lcc9584 |    00000980  A$lcc9584
     00000982  A$lcc9584 |    00000983  A$lcc9584 |    00000984  A$lcc9584
     00000987  A$lcc9584 |    00000989  A$lcc9584 |    0000098B  A$lcc9584
     0000098B  C$main.c$ |    0000098D  A$lcc9584 |    0000098F  A$lcc9584
     0000098F  C$main.c$ |    00000991  A$lcc9584 |    00000992  A$lcc9584
     00000993  A$lcc9584 |    00000994  A$lcc9584 |    00000995  A$lcc9584
     00000997  A$lcc9584 |    00000998  A$lcc9584 |    00000999  A$lcc9584
     0000099C  A$lcc9584 |    0000099E  A$lcc9584 |    000009A0  A$lcc9584
     000009A0  C$main.c$ |    000009A1  A$lcc9584 |    000009A3  A$lcc9584
     000009A5  A$lcc9584 |    000009A5  C$main.c$ |    000009A7  A$lcc9584
     000009A8  A$lcc9584 |    000009A9  A$lcc9584 |    000009AA  A$lcc9584
     000009AC  A$lcc9584 |    000009AD  A$lcc9584 |    000009B0  A$lcc9584
     000009B2  A$lcc9584 |    000009B4  A$lcc9584 |    000009B4  C$main.c$
     000009B5  A$lcc9584 |    000009B7  A$lcc9584 |    000009B9  A$lcc9584
     000009B9  C$main.c$ |    000009BA  A$lcc9584 |    000009BB  A$lcc9584
     000009BC  A$lcc9584 |    000009BD  A$lcc9584 |    000009BF  A$lcc9584
     000009C0  A$lcc9584 |    000009C3  A$lcc9584 |    000009C5  A$lcc9584
     000009C7  A$lcc9584 |    000009C7  C$main.c$ |    000009C8  A$lcc9584
     000009C9  A$lcc9584 |    000009CA  A$lcc9584 |    000009CB  A$lcc9584
     000009CC  A$lcc9584 |    000009CE  A$lcc9584 |    000009CF  A$lcc9584
     000009D2  A$lcc9584 |    000009D4  A$lcc9584 |    000009D4  C$main.c$
     000009D5  A$lcc9584 |    000009D8  A$lcc9584 |    000009D8  C$main.c$
     000009DA  A$lcc9584 |    000009DA  C$main.c$ |    000009DB  A$lcc9584
     000009DD  A$lcc9584 |    000009E0  A$lcc9584 |    000009E1  A$lcc9584
     000009E3  A$lcc9584 |    000009E4  A$lcc9584 |    000009E7  A$lcc9584
     000009E8  A$lcc9584 |    000009E8  C$main.c$ |    000009E9  A$lcc9584
     000009EA  A$lcc9584 |    000009EB  A$lcc9584 |    000009EC  A$lcc9584
     000009ED  A$lcc9584 |    000009EE  A$lcc9584 |    000009F0  A$lcc9584
     000009F1  A$lcc9584 |    000009F2  A$lcc9584 |    000009F5  A$lcc9584
     000009F6  A$lcc9584 |    000009F7  A$lcc9584 |    000009F8  A$lcc9584
     000009F9  A$lcc9584 |    000009F9  C$main.c$ |    000009FA  A$lcc9584
ASxxxx Linker V03.00 + NoICE + sdld,  page 12.
Hexadecimal  [32-Bits]

Area                       Addr        Size        Decimal Bytes (Attributes)
--------------------       ----        ----        ------- ----- ------------
_CODE                  00000200    00000CA9 =        3241. bytes (REL,CON)

        Value  Global            Value  Global            Value  Global    
        -----  ------            -----  ------            -----  ------    
     000009FB  A$lcc9584 |    000009FC  A$lcc9584 |    000009FD  A$lcc9584
     000009FE  A$lcc9584 |    00000A00  A$lcc9584 |    00000A01  A$lcc9584
     00000A04  A$lcc9584 |    00000A05  A$lcc9584 |    00000A06  A$lcc9584
     00000A07  A$lcc9584 |    00000A08  A$lcc9584 |    00000A09  A$lcc9584
     00000A09  C$main.c$ |    00000A0A  A$lcc9584 |    00000A0B  A$lcc9584
     00000A0C  A$lcc9584 |    00000A0D  A$lcc9584 |    00000A0F  A$lcc9584
     00000A10  A$lcc9584 |    00000A13  A$lcc9584 |    00000A14  A$lcc9584
     00000A15  A$lcc9584 |    00000A16  A$lcc9584 |    00000A16  C$main.c$
     00000A17  A$lcc9584 |    00000A18  A$lcc9584 |    00000A1B  A$lcc9584
     00000A1B  C$main.c$ |    00000A1C  A$lcc9584 |    00000A1D  A$lcc9584
     00000A1F  A$lcc9584 |    00000A1F  C$main.c$ |    00000A20  A$lcc9584
     00000A22  A$lcc9584 |    00000A24  A$lcc9584 |    00000A24  C$main.c$
     00000A25  A$lcc9584 |    00000A26  A$lcc9584 |    00000A28  A$lcc9584
     00000A28  C$main.c$ |    00000A29  A$lcc9584 |    00000A2B  A$lcc9584
     00000A2C  A$lcc9584 |    00000A2D  A$lcc9584 |    00000A2E  A$lcc9584
     00000A2F  A$lcc9584 |    00000A31  A$lcc9584 |    00000A32  A$lcc9584
     00000A33  A$lcc9584 |    00000A36  A$lcc9584 |    00000A38  A$lcc9584
     00000A39  A$lcc9584 |    00000A3B  A$lcc9584 |    00000A3B  C$main.c$
     00000A3C  A$lcc9584 |    00000A3E  A$lcc9584 |    00000A3F  A$lcc9584
     00000A40  A$lcc9584 |    00000A41  A$lcc9584 |    00000A42  A$lcc9584
     00000A44  A$lcc9584 |    00000A45  A$lcc9584 |    00000A46  A$lcc9584
     00000A49  A$lcc9584 |    00000A4B  A$lcc9584 |    00000A4C  A$lcc9584
     00000A4C  C$main.c$ |    00000A4D  A$lcc9584 |    00000A4E  A$lcc9584
     00000A50  A$lcc9584 |    00000A50  C$main.c$ |    00000A52  A$lcc9584
     00000A53  A$lcc9584 |    00000A54  A$lcc9584 |    00000A55  A$lcc9584
     00000A57  A$lcc9584 |    00000A58  A$lcc9584 |    00000A5B  A$lcc9584
     00000A5D  A$lcc9584 |    00000A5F  A$lcc9584 |    00000A5F  C$main.c$
     00000A60  A$lcc9584 |    00000A62  A$lcc9584 |    00000A64  A$lcc9584
     00000A66  A$lcc9584 |    00000A67  A$lcc9584 |    00000A68  A$lcc9584
     00000A69  A$lcc9584 |    00000A6A  A$lcc9584 |    00000A6C  A$lcc9584
     00000A6E  A$lcc9584 |    00000A70  A$lcc9584 |    00000A70  C$main.c$
     00000A72  A$lcc9584 |    00000A73  A$lcc9584 |    00000A74  A$lcc9584
     00000A75  A$lcc9584 |    00000A76  A$lcc9584 |    00000A78  A$lcc9584
     00000A79  A$lcc9584 |    00000A7A  A$lcc9584 |    00000A7D  A$lcc9584
     00000A7F  A$lcc9584 |    00000A81  A$lcc9584 |    00000A81  C$main.c$
     00000A83  A$lcc9584 |    00000A85  A$lcc9584 |    00000A85  C$main.c$
     00000A87  A$lcc9584 |    00000A88  A$lcc9584 |    00000A89  A$lcc9584
     00000A8A  A$lcc9584 |    00000A8B  A$lcc9584 |    00000A8D  A$lcc9584
     00000A8E  A$lcc9584 |    00000A8F  A$lcc9584 |    00000A92  A$lcc9584
     00000A94  A$lcc9584 |    00000A96  A$lcc9584 |    00000A96  C$main.c$
     00000A97  A$lcc9584 |    00000A99  A$lcc9584 |    00000A9B  A$lcc9584
     00000A9B  C$main.c$ |    00000A9D  A$lcc9584 |    00000A9E  A$lcc9584
     00000A9F  A$lcc9584 |    00000AA0  A$lcc9584 |    00000AA2  A$lcc9584
     00000AA3  A$lcc9584 |    00000AA6  A$lcc9584 |    00000AA8  A$lcc9584
     00000AAA  A$lcc9584 |    00000AAA  C$main.c$ |    00000AAB  A$lcc9584
     00000AAD  A$lcc9584 |    00000AAF  A$lcc9584 |    00000AAF  C$main.c$
     00000AB0  A$lcc9584 |    00000AB1  A$lcc9584 |    00000AB2  A$lcc9584
     00000AB3  A$lcc9584 |    00000AB5  A$lcc9584 |    00000AB6  A$lcc9584
     00000AB9  A$lcc9584 |    00000ABB  A$lcc9584 |    00000ABD  A$lcc9584
     00000ABD  C$main.c$ |    00000ABE  A$lcc9584 |    00000ABF  A$lcc9584
     00000AC0  A$lcc9584 |    00000AC1  A$lcc9584 |    00000AC2  A$lcc9584
ASxxxx Linker V03.00 + NoICE + sdld,  page 13.
Hexadecimal  [32-Bits]

Area                       Addr        Size        Decimal Bytes (Attributes)
--------------------       ----        ----        ------- ----- ------------
_CODE                  00000200    00000CA9 =        3241. bytes (REL,CON)

        Value  Global            Value  Global            Value  Global    
        -----  ------            -----  ------            -----  ------    
     00000AC4  A$lcc9584 |    00000AC5  A$lcc9584 |    00000AC8  A$lcc9584
     00000ACA  A$lcc9584 |    00000ACA  C$main.c$ |    00000ACB  A$lcc9584
     00000ACE  A$lcc9584 |    00000ACE  C$main.c$ |    00000AD0  A$lcc9584
     00000AD0  C$main.c$ |    00000AD1  A$lcc9584 |    00000AD3  A$lcc9584
     00000AD6  A$lcc9584 |    00000AD7  A$lcc9584 |    00000AD9  A$lcc9584
     00000ADA  A$lcc9584 |    00000ADD  A$lcc9584 |    00000ADE  A$lcc9584
     00000ADE  C$main.c$ |    00000ADF  A$lcc9584 |    00000AE0  A$lcc9584
     00000AE1  A$lcc9584 |    00000AE2  A$lcc9584 |    00000AE3  A$lcc9584
     00000AE4  A$lcc9584 |    00000AE6  A$lcc9584 |    00000AE7  A$lcc9584
     00000AE8  A$lcc9584 |    00000AEB  A$lcc9584 |    00000AEC  A$lcc9584
     00000AED  A$lcc9584 |    00000AEE  A$lcc9584 |    00000AEF  A$lcc9584
     00000AEF  C$main.c$ |    00000AF0  A$lcc9584 |    00000AF1  A$lcc9584
     00000AF2  A$lcc9584 |    00000AF3  A$lcc9584 |    00000AF4  A$lcc9584
     00000AF6  A$lcc9584 |    00000AF7  A$lcc9584 |    00000AFA  A$lcc9584
     00000AFB  A$lcc9584 |    00000AFC  A$lcc9584 |    00000AFD  A$lcc9584
     00000AFE  A$lcc9584 |    00000AFF  A$lcc9584 |    00000AFF  C$main.c$
     00000B00  A$lcc9584 |    00000B01  A$lcc9584 |    00000B02  A$lcc9584
     00000B03  A$lcc9584 |    00000B05  A$lcc9584 |    00000B06  A$lcc9584
     00000B09  A$lcc9584 |    00000B0A  A$lcc9584 |    00000B0B  A$lcc9584
     00000B0C  A$lcc9584 |    00000B0C  C$main.c$ |    00000B0D  A$lcc9584
     00000B0E  A$lcc9584 |    00000B11  A$lcc9584 |    00000B11  C$main.c$
     00000B12  A$lcc9584 |    00000B14  A$lcc9584 |    00000B16  A$lcc9584
     00000B16  C$main.c$ |    00000B17  A$lcc9584 |    00000B19  A$lcc9584
     00000B1B  A$lcc9584 |    00000B1B  C$main.c$ |    00000B1C  A$lcc9584
     00000B1D  A$lcc9584 |    00000B1F  A$lcc9584 |    00000B1F  C$main.c$
     00000B20  A$lcc9584 |    00000B22  A$lcc9584 |    00000B23  A$lcc9584
     00000B24  A$lcc9584 |    00000B25  A$lcc9584 |    00000B26  A$lcc9584
     00000B28  A$lcc9584 |    00000B29  A$lcc9584 |    00000B2A  A$lcc9584
     00000B2D  A$lcc9584 |    00000B2F  A$lcc9584 |    00000B30  A$lcc9584
     00000B32  A$lcc9584 |    00000B32  C$main.c$ |    00000B33  A$lcc9584
     00000B35  A$lcc9584 |    00000B36  A$lcc9584 |    00000B37  A$lcc9584
     00000B38  A$lcc9584 |    00000B39  A$lcc9584 |    00000B3B  A$lcc9584
     00000B3C  A$lcc9584 |    00000B3D  A$lcc9584 |    00000B40  A$lcc9584
     00000B42  A$lcc9584 |    00000B43  A$lcc9584 |    00000B43  C$main.c$
     00000B44  A$lcc9584 |    00000B45  A$lcc9584 |    00000B47  A$lcc9584
     00000B47  C$main.c$ |    00000B49  A$lcc9584 |    00000B4A  A$lcc9584
     00000B4B  A$lcc9584 |    00000B4C  A$lcc9584 |    00000B4E  A$lcc9584
     00000B4F  A$lcc9584 |    00000B52  A$lcc9584 |    00000B54  A$lcc9584
     00000B56  A$lcc9584 |    00000B56  C$main.c$ |    00000B57  A$lcc9584
     00000B59  A$lcc9584 |    00000B5B  A$lcc9584 |    00000B5D  A$lcc9584
     00000B5E  A$lcc9584 |    00000B5F  A$lcc9584 |    00000B60  A$lcc9584
     00000B61  A$lcc9584 |    00000B63  A$lcc9584 |    00000B65  A$lcc9584
     00000B67  A$lcc9584 |    00000B67  C$main.c$ |    00000B69  A$lcc9584
     00000B6A  A$lcc9584 |    00000B6B  A$lcc9584 |    00000B6C  A$lcc9584
     00000B6D  A$lcc9584 |    00000B6F  A$lcc9584 |    00000B70  A$lcc9584
     00000B71  A$lcc9584 |    00000B74  A$lcc9584 |    00000B76  A$lcc9584
     00000B78  A$lcc9584 |    00000B78  C$main.c$ |    00000B7A  A$lcc9584
     00000B7C  A$lcc9584 |    00000B7C  C$main.c$ |    00000B7E  A$lcc9584
     00000B7F  A$lcc9584 |    00000B80  A$lcc9584 |    00000B81  A$lcc9584
     00000B82  A$lcc9584 |    00000B84  A$lcc9584 |    00000B85  A$lcc9584
     00000B86  A$lcc9584 |    00000B89  A$lcc9584 |    00000B8B  A$lcc9584
ASxxxx Linker V03.00 + NoICE + sdld,  page 14.
Hexadecimal  [32-Bits]

Area                       Addr        Size        Decimal Bytes (Attributes)
--------------------       ----        ----        ------- ----- ------------
_CODE                  00000200    00000CA9 =        3241. bytes (REL,CON)

        Value  Global            Value  Global            Value  Global    
        -----  ------            -----  ------            -----  ------    
     00000B8D  A$lcc9584 |    00000B8D  C$main.c$ |    00000B8E  A$lcc9584
     00000B90  A$lcc9584 |    00000B92  A$lcc9584 |    00000B92  C$main.c$
     00000B94  A$lcc9584 |    00000B95  A$lcc9584 |    00000B96  A$lcc9584
     00000B97  A$lcc9584 |    00000B99  A$lcc9584 |    00000B9A  A$lcc9584
     00000B9D  A$lcc9584 |    00000B9F  A$lcc9584 |    00000BA1  A$lcc9584
     00000BA1  C$main.c$ |    00000BA2  A$lcc9584 |    00000BA4  A$lcc9584
     00000BA6  A$lcc9584 |    00000BA6  C$main.c$ |    00000BA7  A$lcc9584
     00000BA8  A$lcc9584 |    00000BA9  A$lcc9584 |    00000BAA  A$lcc9584
     00000BAC  A$lcc9584 |    00000BAD  A$lcc9584 |    00000BB0  A$lcc9584
     00000BB2  A$lcc9584 |    00000BB4  A$lcc9584 |    00000BB4  C$main.c$
     00000BB5  A$lcc9584 |    00000BB6  A$lcc9584 |    00000BB7  A$lcc9584
     00000BB8  A$lcc9584 |    00000BB9  A$lcc9584 |    00000BBB  A$lcc9584
     00000BBC  A$lcc9584 |    00000BBF  A$lcc9584 |    00000BC1  A$lcc9584
     00000BC1  C$main.c$ |    00000BC2  A$lcc9584 |    00000BC5  A$lcc9584
     00000BC5  C$main.c$ |    00000BC7  A$lcc9584 |    00000BC7  C$main.c$
     00000BC8  A$lcc9584 |    00000BCA  A$lcc9584 |    00000BCD  A$lcc9584
     00000BCE  A$lcc9584 |    00000BD0  A$lcc9584 |    00000BD1  A$lcc9584
     00000BD4  A$lcc9584 |    00000BD5  A$lcc9584 |    00000BD5  C$main.c$
     00000BD6  A$lcc9584 |    00000BD7  A$lcc9584 |    00000BD8  A$lcc9584
     00000BD9  A$lcc9584 |    00000BDA  A$lcc9584 |    00000BDB  A$lcc9584
     00000BDD  A$lcc9584 |    00000BDE  A$lcc9584 |    00000BDF  A$lcc9584
     00000BE2  A$lcc9584 |    00000BE3  A$lcc9584 |    00000BE4  A$lcc9584
     00000BE5  A$lcc9584 |    00000BE6  A$lcc9584 |    00000BE6  C$main.c$
     00000BE7  A$lcc9584 |    00000BE8  A$lcc9584 |    00000BE9  A$lcc9584
     00000BEA  A$lcc9584 |    00000BEB  A$lcc9584 |    00000BED  A$lcc9584
     00000BEE  A$lcc9584 |    00000BF1  A$lcc9584 |    00000BF2  A$lcc9584
     00000BF3  A$lcc9584 |    00000BF4  A$lcc9584 |    00000BF5  A$lcc9584
     00000BF6  A$lcc9584 |    00000BF6  C$main.c$ |    00000BF7  A$lcc9584
     00000BF8  A$lcc9584 |    00000BF9  A$lcc9584 |    00000BFA  A$lcc9584
     00000BFC  A$lcc9584 |    00000BFD  A$lcc9584 |    00000C00  A$lcc9584
     00000C01  A$lcc9584 |    00000C02  A$lcc9584 |    00000C03  A$lcc9584
     00000C03  C$main.c$ |    00000C04  A$lcc9584 |    00000C05  A$lcc9584
     00000C08  A$lcc9584 |    00000C08  C$main.c$ |    00000C09  A$lcc9584
     00000C0B  A$lcc9584 |    00000C0D  A$lcc9584 |    00000C0D  C$main.c$
     00000C0E  A$lcc9584 |    00000C10  A$lcc9584 |    00000C12  A$lcc9584
     00000C12  C$main.c$ |    00000C13  A$lcc9584 |    00000C14  A$lcc9584
     00000C16  A$lcc9584 |    00000C16  C$main.c$ |    00000C17  A$lcc9584
     00000C19  A$lcc9584 |    00000C1A  A$lcc9584 |    00000C1B  A$lcc9584
     00000C1C  A$lcc9584 |    00000C1D  A$lcc9584 |    00000C1F  A$lcc9584
     00000C20  A$lcc9584 |    00000C21  A$lcc9584 |    00000C24  A$lcc9584
     00000C26  A$lcc9584 |    00000C27  A$lcc9584 |    00000C29  A$lcc9584
     00000C29  C$main.c$ |    00000C2A  A$lcc9584 |    00000C2C  A$lcc9584
     00000C2D  A$lcc9584 |    00000C2E  A$lcc9584 |    00000C2F  A$lcc9584
     00000C30  A$lcc9584 |    00000C32  A$lcc9584 |    00000C33  A$lcc9584
     00000C34  A$lcc9584 |    00000C37  A$lcc9584 |    00000C39  A$lcc9584
     00000C3A  A$lcc9584 |    00000C3A  C$main.c$ |    00000C3B  A$lcc9584
     00000C3C  A$lcc9584 |    00000C3E  A$lcc9584 |    00000C3E  C$main.c$
     00000C40  A$lcc9584 |    00000C41  A$lcc9584 |    00000C42  A$lcc9584
     00000C43  A$lcc9584 |    00000C45  A$lcc9584 |    00000C46  A$lcc9584
     00000C49  A$lcc9584 |    00000C4B  A$lcc9584 |    00000C4D  A$lcc9584
     00000C4D  C$main.c$ |    00000C4E  A$lcc9584 |    00000C50  A$lcc9584
ASxxxx Linker V03.00 + NoICE + sdld,  page 15.
Hexadecimal  [32-Bits]

Area                       Addr        Size        Decimal Bytes (Attributes)
--------------------       ----        ----        ------- ----- ------------
_CODE                  00000200    00000CA9 =        3241. bytes (REL,CON)

        Value  Global            Value  Global            Value  Global    
        -----  ------            -----  ------            -----  ------    
     00000C52  A$lcc9584 |    00000C54  A$lcc9584 |    00000C55  A$lcc9584
     00000C56  A$lcc9584 |    00000C57  A$lcc9584 |    00000C58  A$lcc9584
     00000C5A  A$lcc9584 |    00000C5C  A$lcc9584 |    00000C5E  A$lcc9584
     00000C5E  C$main.c$ |    00000C60  A$lcc9584 |    00000C61  A$lcc9584
     00000C62  A$lcc9584 |    00000C63  A$lcc9584 |    00000C64  A$lcc9584
     00000C66  A$lcc9584 |    00000C67  A$lcc9584 |    00000C68  A$lcc9584
     00000C6B  A$lcc9584 |    00000C6D  A$lcc9584 |    00000C6F  A$lcc9584
     00000C6F  C$main.c$ |    00000C71  A$lcc9584 |    00000C73  A$lcc9584
     00000C73  C$main.c$ |    00000C75  A$lcc9584 |    00000C76  A$lcc9584
     00000C77  A$lcc9584 |    00000C78  A$lcc9584 |    00000C79  A$lcc9584
     00000C7B  A$lcc9584 |    00000C7C  A$lcc9584 |    00000C7D  A$lcc9584
     00000C80  A$lcc9584 |    00000C82  A$lcc9584 |    00000C84  A$lcc9584
     00000C84  C$main.c$ |    00000C85  A$lcc9584 |    00000C87  A$lcc9584
     00000C89  A$lcc9584 |    00000C89  C$main.c$ |    00000C8B  A$lcc9584
     00000C8C  A$lcc9584 |    00000C8D  A$lcc9584 |    00000C8E  A$lcc9584
     00000C90  A$lcc9584 |    00000C91  A$lcc9584 |    00000C94  A$lcc9584
     00000C96  A$lcc9584 |    00000C98  A$lcc9584 |    00000C98  C$main.c$
     00000C99  A$lcc9584 |    00000C9B  A$lcc9584 |    00000C9D  A$lcc9584
     00000C9D  C$main.c$ |    00000C9E  A$lcc9584 |    00000C9F  A$lcc9584
     00000CA0  A$lcc9584 |    00000CA1  A$lcc9584 |    00000CA3  A$lcc9584
     00000CA4  A$lcc9584 |    00000CA7  A$lcc9584 |    00000CA9  A$lcc9584
     00000CAB  A$lcc9584 |    00000CAB  C$main.c$ |    00000CAC  A$lcc9584
     00000CAD  A$lcc9584 |    00000CAE  A$lcc9584 |    00000CAF  A$lcc9584
     00000CB0  A$lcc9584 |    00000CB2  A$lcc9584 |    00000CB3  A$lcc9584
     00000CB6  A$lcc9584 |    00000CB8  A$lcc9584 |    00000CB8  C$main.c$
     00000CB9  A$lcc9584 |    00000CBC  A$lcc9584 |    00000CBC  C$main.c$
     00000CBE  A$lcc9584 |    00000CBE  C$main.c$ |    00000CBF  A$lcc9584
     00000CC1  A$lcc9584 |    00000CC4  A$lcc9584 |    00000CC5  A$lcc9584
     00000CC7  A$lcc9584 |    00000CC8  A$lcc9584 |    00000CCB  A$lcc9584
     00000CCC  A$lcc9584 |    00000CCC  C$main.c$ |    00000CCD  A$lcc9584
     00000CCE  A$lcc9584 |    00000CCF  A$lcc9584 |    00000CD0  A$lcc9584
     00000CD1  A$lcc9584 |    00000CD2  A$lcc9584 |    00000CD4  A$lcc9584
     00000CD5  A$lcc9584 |    00000CD6  A$lcc9584 |    00000CD9  A$lcc9584
     00000CDA  A$lcc9584 |    00000CDB  A$lcc9584 |    00000CDC  A$lcc9584
     00000CDE  A$lcc9584 |    00000CDF  A$lcc9584 |    00000CDF  C$main.c$
     00000CE0  A$lcc9584 |    00000CE1  A$lcc9584 |    00000CE2  A$lcc9584
     00000CE3  A$lcc9584 |    00000CE5  A$lcc9584 |    00000CE6  A$lcc9584
     00000CE9  A$lcc9584 |    00000CEA  A$lcc9584 |    00000CEB  A$lcc9584
     00000CEC  A$lcc9584 |    00000CEE  A$lcc9584 |    00000CEF  A$lcc9584
     00000CEF  C$main.c$ |    00000CF0  A$lcc9584 |    00000CF1  A$lcc9584
     00000CF2  A$lcc9584 |    00000CF4  A$lcc9584 |    00000CF5  A$lcc9584
     00000CF8  A$lcc9584 |    00000CF9  A$lcc9584 |    00000CFA  A$lcc9584
     00000CFA  C$main.c$ |    00000CFB  A$lcc9584 |    00000CFC  A$lcc9584
     00000CFF  A$lcc9584 |    00000CFF  C$main.c$ |    00000D00  A$lcc9584
     00000D02  A$lcc9584 |    00000D04  A$lcc9584 |    00000D04  C$main.c$
     00000D05  A$lcc9584 |    00000D07  A$lcc9584 |    00000D09  A$lcc9584
     00000D09  C$main.c$ |    00000D0B  A$lcc9584 |    00000D0C  A$lcc9584
     00000D0D  A$lcc9584 |    00000D0F  A$lcc9584 |    00000D0F  C$main.c$
     00000D11  A$lcc9584 |    00000D12  A$lcc9584 |    00000D13  A$lcc9584
     00000D14  A$lcc9584 |    00000D15  A$lcc9584 |    00000D17  A$lcc9584
     00000D18  A$lcc9584 |    00000D19  A$lcc9584 |    00000D1C  A$lcc9584
ASxxxx Linker V03.00 + NoICE + sdld,  page 16.
Hexadecimal  [32-Bits]

Area                       Addr        Size        Decimal Bytes (Attributes)
--------------------       ----        ----        ------- ----- ------------
_CODE                  00000200    00000CA9 =        3241. bytes (REL,CON)

        Value  Global            Value  Global            Value  Global    
        -----  ------            -----  ------            -----  ------    
     00000D1E  A$lcc9584 |    00000D20  A$lcc9584 |    00000D20  C$main.c$
     00000D22  A$lcc9584 |    00000D23  A$lcc9584 |    00000D24  A$lcc9584
     00000D25  A$lcc9584 |    00000D26  A$lcc9584 |    00000D28  A$lcc9584
     00000D29  A$lcc9584 |    00000D2A  A$lcc9584 |    00000D2D  A$lcc9584
     00000D2F  A$lcc9584 |    00000D2F  C$main.c$ |    00000D31  A$lcc9584
     00000D32  A$lcc9584 |    00000D33  A$lcc9584 |    00000D35  A$lcc9584
     00000D35  C$main.c$ |    00000D37  A$lcc9584 |    00000D38  A$lcc9584
     00000D39  A$lcc9584 |    00000D3A  A$lcc9584 |    00000D3C  A$lcc9584
     00000D3D  A$lcc9584 |    00000D40  A$lcc9584 |    00000D42  A$lcc9584
     00000D44  A$lcc9584 |    00000D44  C$main.c$ |    00000D46  A$lcc9584
     00000D47  A$lcc9584 |    00000D49  A$lcc9584 |    00000D4B  A$lcc9584
     00000D4D  A$lcc9584 |    00000D4E  A$lcc9584 |    00000D4F  A$lcc9584
     00000D51  A$lcc9584 |    00000D52  A$lcc9584 |    00000D53  A$lcc9584
     00000D55  A$lcc9584 |    00000D57  A$lcc9584 |    00000D59  A$lcc9584
     00000D59  C$main.c$ |    00000D5B  A$lcc9584 |    00000D5C  A$lcc9584
     00000D5D  A$lcc9584 |    00000D5E  A$lcc9584 |    00000D5F  A$lcc9584
     00000D61  A$lcc9584 |    00000D62  A$lcc9584 |    00000D63  A$lcc9584
     00000D66  A$lcc9584 |    00000D68  A$lcc9584 |    00000D6A  A$lcc9584
     00000D6A  C$main.c$ |    00000D6C  A$lcc9584 |    00000D6E  A$lcc9584
     00000D6E  C$main.c$ |    00000D70  A$lcc9584 |    00000D71  A$lcc9584
     00000D72  A$lcc9584 |    00000D73  A$lcc9584 |    00000D74  A$lcc9584
     00000D76  A$lcc9584 |    00000D77  A$lcc9584 |    00000D78  A$lcc9584
     00000D7B  A$lcc9584 |    00000D7D  A$lcc9584 |    00000D7F  A$lcc9584
     00000D7F  C$main.c$ |    00000D80  A$lcc9584 |    00000D82  A$lcc9584
     00000D84  A$lcc9584 |    00000D84  C$main.c$ |    00000D86  A$lcc9584
     00000D87  A$lcc9584 |    00000D88  A$lcc9584 |    00000D89  A$lcc9584
     00000D8B  A$lcc9584 |    00000D8C  A$lcc9584 |    00000D8F  A$lcc9584
     00000D91  A$lcc9584 |    00000D93  A$lcc9584 |    00000D93  C$main.c$
     00000D94  A$lcc9584 |    00000D96  A$lcc9584 |    00000D98  A$lcc9584
     00000D98  C$main.c$ |    00000D99  A$lcc9584 |    00000D9A  A$lcc9584
     00000D9B  A$lcc9584 |    00000D9C  A$lcc9584 |    00000D9E  A$lcc9584
     00000D9F  A$lcc9584 |    00000DA2  A$lcc9584 |    00000DA4  A$lcc9584
     00000DA6  A$lcc9584 |    00000DA6  C$main.c$ |    00000DA7  A$lcc9584
     00000DA8  A$lcc9584 |    00000DA9  A$lcc9584 |    00000DAA  A$lcc9584
     00000DAB  A$lcc9584 |    00000DAD  A$lcc9584 |    00000DAE  A$lcc9584
     00000DB1  A$lcc9584 |    00000DB3  A$lcc9584 |    00000DB3  C$main.c$
     00000DB4  A$lcc9584 |    00000DB7  A$lcc9584 |    00000DB7  C$main.c$
     00000DB9  A$lcc9584 |    00000DBA  A$lcc9584 |    00000DBD  A$lcc9584
     00000DBF  A$lcc9584 |    00000DBF  C$main.c$ |    00000DBF  XG$SongHa
     00000DC0  A$lcc9584 |    00000DC0  C$main.c$ |    00000DC0  C$main.c$
     00000DC0  G$display |    00000DC0  _display  |    00000DC3  A$lcc9584
     00000DC4  A$lcc9584 |    00000DC5  A$lcc9584 |    00000DC8  A$lcc9584
     00000DCA  A$lcc9584 |    00000DCB  A$lcc9584 |    00000DCB  C$main.c$
     00000DCE  A$lcc9584 |    00000DCF  A$lcc9584 |    00000DD0  A$lcc9584
     00000DD2  A$lcc9584 |    00000DD2  C$main.c$ |    00000DD4  A$lcc9584
     00000DD5  A$lcc9584 |    00000DD6  A$lcc9584 |    00000DD9  A$lcc9584
     00000DDA  A$lcc9584 |    00000DDA  C$main.c$ |    00000DDD  A$lcc9584
     00000DDE  A$lcc9584 |    00000DDF  A$lcc9584 |    00000DE0  A$lcc9584
     00000DE1  A$lcc9584 |    00000DE3  A$lcc9584 |    00000DE4  A$lcc9584
     00000DE6  A$lcc9584 |    00000DE8  A$lcc9584 |    00000DE8  C$main.c$
     00000DE9  A$lcc9584 |    00000DEA  A$lcc9584 |    00000DEC  A$lcc9584
ASxxxx Linker V03.00 + NoICE + sdld,  page 17.
Hexadecimal  [32-Bits]

Area                       Addr        Size        Decimal Bytes (Attributes)
--------------------       ----        ----        ------- ----- ------------
_CODE                  00000200    00000CA9 =        3241. bytes (REL,CON)

        Value  Global            Value  Global            Value  Global    
        -----  ------            -----  ------            -----  ------    
     00000DED  A$lcc9584 |    00000DEE  A$lcc9584 |    00000DF0  A$lcc9584
     00000DF0  C$main.c$ |    00000DF1  A$lcc9584 |    00000DF4  A$lcc9584
     00000DF5  A$lcc9584 |    00000DF6  A$lcc9584 |    00000DF6  C$main.c$
     00000DF9  A$lcc9584 |    00000DFA  A$lcc9584 |    00000DFB  A$lcc9584
     00000DFC  A$lcc9584 |    00000DFD  A$lcc9584 |    00000E00  A$lcc9584
     00000E01  A$lcc9584 |    00000E01  C$main.c$ |    00000E01  C$main.c$
     00000E01  XG$displa |    00000E02  A$lcc9584 |    00000E02  C$main.c$
     00000E02  C$main.c$ |    00000E02  G$main$0$ |    00000E02  _main    
     00000E04  A$lcc9584 |    00000E06  A$lcc9584 |    00000E08  A$lcc9584
     00000E08  C$main.c$ |    00000E0A  A$lcc9584 |    00000E0C  A$lcc9584
     00000E0E  A$lcc9584 |    00000E0E  C$main.c$ |    00000E0E  C$main.c$
     00000E11  A$lcc9584 |    00000E11  C$main.c$ |    00000E13  A$lcc9584
     00000E15  A$lcc9584 |    00000E15  C$main.c$ |    00000E18  A$lcc9584
     00000E1A  A$lcc9584 |    00000E1C  A$lcc9584 |    00000E1C  C$main.c$
     00000E1F  A$lcc9584 |    00000E20  A$lcc9584 |    00000E22  A$lcc9584
     00000E22  C$main.c$ |    00000E25  A$lcc9584 |    00000E27  A$lcc9584
     00000E27  C$main.c$ |    00000E27  C$main.c$ |    00000E2A  A$lcc9584
     00000E2A  C$main.c$ |    00000E2A  XG$main$0 |    00000E2C  _get_vram
     00000E39  _get_win_ |    00000E41  _get_bkg_ |    00000E68  _set_vram
     00000E77  _set_win_ |    00000E7F  _set_bkg_
ASxxxx Linker V03.00 + NoICE + sdld,  page 18.
Hexadecimal  [32-Bits]

Area                       Addr        Size        Decimal Bytes (Attributes)
--------------------       ----        ----        ------- ----- ------------
_HEADER0               00000000    00000001 =           1. bytes (ABS,CON)

        Value  Global            Value  Global            Value  Global    
        -----  ------            -----  ------            -----  ------    
     00000020  .call_hl 
ASxxxx Linker V03.00 + NoICE + sdld,  page 19.
Hexadecimal  [32-Bits]

Area                       Addr        Size        Decimal Bytes (Attributes)
--------------------       ----        ----        ------- ----- ------------
_HEADER1               00000000    00000005 =           5. bytes (ABS,CON)

        Value  Global            Value  Global            Value  Global    
        -----  ------            -----  ------            -----  ------    
     00000028  .MemsetSm
ASxxxx Linker V03.00 + NoICE + sdld,  page 20.
Hexadecimal  [32-Bits]

Area                       Addr        Size        Decimal Bytes (Attributes)
--------------------       ----        ----        ------- ----- ------------
_HEADER2               00000000    00000007 =           7. bytes (ABS,CON)

        Value  Global            Value  Global            Value  Global    
        -----  ------            -----  ------            -----  ------    
     00000030  .MemcpySm
ASxxxx Linker V03.00 + NoICE + sdld,  page 21.
Hexadecimal  [32-Bits]

Area                       Addr        Size        Decimal Bytes (Attributes)
--------------------       ----        ----        ------- ----- ------------
_HEADER3               00000000    00000008 =           8. bytes (ABS,CON)

        Value  Global            Value  Global            Value  Global    
        -----  ------            -----  ------            -----  ------    
ASxxxx Linker V03.00 + NoICE + sdld,  page 22.
Hexadecimal  [32-Bits]

Area                       Addr        Size        Decimal Bytes (Attributes)
--------------------       ----        ----        ------- ----- ------------
_HEADER4               00000000    0000004E =          78. bytes (ABS,CON)

        Value  Global            Value  Global            Value  Global    
        -----  ------            -----  ------            -----  ------    
     00000080  .int      |    0000008F  _wait_int |    0000009C  __standar
     000000AC  _refresh_
ASxxxx Linker V03.00 + NoICE + sdld,  page 23.
Hexadecimal  [32-Bits]

Area                       Addr        Size        Decimal Bytes (Attributes)
--------------------       ----        ----        ------- ----- ------------
_HEADER5               00000000    00000002 =           2. bytes (ABS,CON)

        Value  Global            Value  Global            Value  Global    
        -----  ------            -----  ------            -----  ------    
ASxxxx Linker V03.00 + NoICE + sdld,  page 24.
Hexadecimal  [32-Bits]

Area                       Addr        Size        Decimal Bytes (Attributes)
--------------------       ----        ----        ------- ----- ------------
_HEADER6               00000000    00000030 =          48. bytes (ABS,CON)

        Value  Global            Value  Global            Value  Global    
        -----  ------            -----  ------            -----  ------    
ASxxxx Linker V03.00 + NoICE + sdld,  page 25.
Hexadecimal  [32-Bits]

Area                       Addr        Size        Decimal Bytes (Attributes)
--------------------       ----        ----        ------- ----- ------------
_HEADER7               00000000    00000006 =           6. bytes (ABS,CON)

        Value  Global            Value  Global            Value  Global    
        -----  ------            -----  ------            -----  ------    
ASxxxx Linker V03.00 + NoICE + sdld,  page 26.
Hexadecimal  [32-Bits]

Area                       Addr        Size        Decimal Bytes (Attributes)
--------------------       ----        ----        ------- ----- ------------
_HEADER8               00000000    00000003 =           3. bytes (ABS,CON)

        Value  Global            Value  Global            Value  Global    
        -----  ------            -----  ------            -----  ------    
ASxxxx Linker V03.00 + NoICE + sdld,  page 27.
Hexadecimal  [32-Bits]

Area                       Addr        Size        Decimal Bytes (Attributes)
--------------------       ----        ----        ------- ----- ------------
_HEADER9               00000000    00000001 =           1. bytes (ABS,CON)

        Value  Global            Value  Global            Value  Global    
        -----  ------            -----  ------            -----  ------    
ASxxxx Linker V03.00 + NoICE + sdld,  page 28.
Hexadecimal  [32-Bits]

Area                       Addr        Size        Decimal Bytes (Attributes)
--------------------       ----        ----        ------- ----- ------------
_HEADERa               00000000    00000001 =           1. bytes (ABS,CON)

        Value  Global            Value  Global            Value  Global    
        -----  ------            -----  ------            -----  ------    
ASxxxx Linker V03.00 + NoICE + sdld,  page 29.
Hexadecimal  [32-Bits]

Area                       Addr        Size        Decimal Bytes (Attributes)
--------------------       ----        ----        ------- ----- ------------
_HEADERb               00000000    00000001 =           1. bytes (ABS,CON)

        Value  Global            Value  Global            Value  Global    
        -----  ------            -----  ------            -----  ------    
ASxxxx Linker V03.00 + NoICE + sdld,  page 30.
Hexadecimal  [32-Bits]

Area                       Addr        Size        Decimal Bytes (Attributes)
--------------------       ----        ----        ------- ----- ------------
_HEADERc               00000000    00000002 =           2. bytes (ABS,CON)

        Value  Global            Value  Global            Value  Global    
        -----  ------            -----  ------            -----  ------    
ASxxxx Linker V03.00 + NoICE + sdld,  page 31.
Hexadecimal  [32-Bits]

Area                       Addr        Size        Decimal Bytes (Attributes)
--------------------       ----        ----        ------- ----- ------------
_HEADERd               00000000    00000001 =           1. bytes (ABS,CON)

        Value  Global            Value  Global            Value  Global    
        -----  ------            -----  ------            -----  ------    
ASxxxx Linker V03.00 + NoICE + sdld,  page 32.
Hexadecimal  [32-Bits]

Area                       Addr        Size        Decimal Bytes (Attributes)
--------------------       ----        ----        ------- ----- ------------
_HEADERe               00000000    00000001 =           1. bytes (ABS,CON)

        Value  Global            Value  Global            Value  Global    
        -----  ------            -----  ------            -----  ------    
ASxxxx Linker V03.00 + NoICE + sdld,  page 33.
Hexadecimal  [32-Bits]

Area                       Addr        Size        Decimal Bytes (Attributes)
--------------------       ----        ----        ------- ----- ------------
_HEADERf               00000000    00000002 =           2. bytes (ABS,CON)

        Value  Global            Value  Global            Value  Global    
        -----  ------            -----  ------            -----  ------    
ASxxxx Linker V03.00 + NoICE + sdld,  page 34.
Hexadecimal  [32-Bits]

Area                       Addr        Size        Decimal Bytes (Attributes)
--------------------       ----        ----        ------- ----- ------------
_HEADER10              00000000    00000082 =         130. bytes (ABS,CON)

        Value  Global            Value  Global            Value  Global    
        -----  ------            -----  ------            -----  ------    
     00000150  .reset    |    00000150  _reset    |    00000157  .code_sta
     000001B7  _exit     |    000001BB  _set_inte
ASxxxx Linker V03.00 + NoICE + sdld,  page 35.
Hexadecimal  [32-Bits]

Area                       Addr        Size        Decimal Bytes (Attributes)
--------------------       ----        ----        ------- ----- ------------
_HEADER11              00000000    00000001 =           1. bytes (ABS,CON)

        Value  Global            Value  Global            Value  Global    
        -----  ------            -----  ------            -----  ------    
ASxxxx Linker V03.00 + NoICE + sdld,  page 36.
Hexadecimal  [32-Bits]

Area                       Addr        Size        Decimal Bytes (Attributes)
--------------------       ----        ----        ------- ----- ------------
_HOME                  00000EA9    0000017F =         383. bytes (REL,CON)

        Value  Global            Value  Global            Value  Global    
        -----  ------            -----  ------            -----  ------    
     00000EA9  .memset_s |    00000EB2  .memcpy_s |    00000ECF  .remove_V
     00000ED2  .remove_i |    00000EEF  .add_VBL  |    00000EF2  .add_int 
     00000EFD  .wait_vbl |    00000EFD  _wait_vbl |    00000F0D  .display_
     00000F0D  _display_ |    00000F25  _remove_V |    00000F30  _add_VBL 
     00000F3B  .padup    |    00000F3B  _waitpadu |    00000F4B  .jpad    
     00000F4B  _joypad   |    00000F73  _waitpad  |    00000F76  .wait_pad
     00000F7D  _set_tile |    00000F82  _set_bkg_ |    00000F82  _set_win_
     00000F8A  _set_spri |    00000FBA  _set_bkg_ |    00000FCE  .set_xy_w
     00000FD7  .set_xy_b |    00000FE6  .set_xy_t
ASxxxx Linker V03.00 + NoICE + sdld,  page 37.
Hexadecimal  [32-Bits]

Area                       Addr        Size        Decimal Bytes (Attributes)
--------------------       ----        ----        ------- ----- ------------
_INITIALIZER           00001028    00000B2E =        2862. bytes (REL,CON)

        Value  Global            Value  Global            Value  Global    
        -----  ------            -----  ------            -----  ------    
     00001028  Farrows$_ |    00001608  Fblankscr |    00001770  Fmain$__x
     000017D4  Fmain$__x |    00001838  Fmain$__x |    0000189C  Fmain$__x
     00001900  Fmain$__x |    00001964  Fmain$__x |    000019C8  Fmain$__x
     00001A2C  Fmain$__x |    00001A90  Fmain$__x |    00001AA8  Fmain$__x
     00001AC0  Fmain$__x |    00001AD8  Fmain$__x |    00001AF0  Fmain$__x
     00001B08  Fmain$__x |    00001B20  Fmain$__x |    00001B38  Fmain$__x
     00001B50  Fmain$__x |    00001B51  Fmain$__x |    00001B52  Fmain$__x
     00001B53  Fmain$__x
ASxxxx Linker V03.00 + NoICE + sdld,  page 38.
Hexadecimal  [32-Bits]

Area                       Addr        Size        Decimal Bytes (Attributes)
--------------------       ----        ----        ------- ----- ------------
_GSINIT                00001B56    0000000C =          12. bytes (REL,CON)

        Value  Global            Value  Global            Value  Global    
        -----  ------            -----  ------            -----  ------    
     00001B56  gsinit   
ASxxxx Linker V03.00 + NoICE + sdld,  page 39.
Hexadecimal  [32-Bits]

Area                       Addr        Size        Decimal Bytes (Attributes)
--------------------       ----        ----        ------- ----- ------------
_GSFINAL               00001B62    00000001 =           1. bytes (REL,CON)

        Value  Global            Value  Global            Value  Global    
        -----  ------            -----  ------            -----  ------    
ASxxxx Linker V03.00 + NoICE + sdld,  page 40.
Hexadecimal  [32-Bits]

Area                       Addr        Size        Decimal Bytes (Attributes)
--------------------       ----        ----        ------- ----- ------------
_DATA                  0000C0A0    0000001D =          29. bytes (REL,CON)

        Value  Global            Value  Global            Value  Global    
        -----  ------            -----  ------            -----  ------    
     0000C0A0  __cpu     |    0000C0A1  __is_GBA  |    0000C0A2  .mode    
     0000C0A3  .sys_time |    0000C0A3  _sys_time |    0000C0A5  .int_0x40
     0000C0B9  G$chkLeft |    0000C0B9  _chkLeft  |    0000C0BA  G$chkDown
     0000C0BA  _chkDown  |    0000C0BB  G$chkUp$0 |    0000C0BB  _chkUp   
     0000C0BC  G$chkRigh |    0000C0BC  _chkRight
ASxxxx Linker V03.00 + NoICE + sdld,  page 41.
Hexadecimal  [32-Bits]

Area                       Addr        Size        Decimal Bytes (Attributes)
--------------------       ----        ----        ------- ----- ------------
_INITIALIZED           0000C0BD    00000B2E =        2862. bytes (REL,CON)

        Value  Global            Value  Global            Value  Global    
        -----  ------            -----  ------            -----  ------    
     0000C0BD  G$arrows$ |    0000C0BD  _arrows   |    0000C69D  G$blankSc
     0000C69D  _blankScr |    0000C805  G$songBan |    0000C805  _songBank
     0000C869  G$songBan |    0000C869  _songBank |    0000C8CD  G$songBan
     0000C8CD  _songBank |    0000C931  G$songBan |    0000C931  _songBank
     0000C995  G$songBan |    0000C995  _songBank |    0000C9F9  G$songBan
     0000C9F9  _songBank |    0000CA5D  G$songBan |    0000CA5D  _songBank
     0000CAC1  G$songBan |    0000CAC1  _songBank |    0000CB25  G$song11a
     0000CB25  _song11a  |    0000CB3D  G$song12a |    0000CB3D  _song12a 
     0000CB55  G$song13a |    0000CB55  _song13a  |    0000CB6D  G$song14a
     0000CB6D  _song14a  |    0000CB85  G$song11b |    0000CB85  _song11b 
     0000CB9D  G$song12b |    0000CB9D  _song12b  |    0000CBB5  G$song13b
     0000CBB5  _song13b  |    0000CBCD  G$song14b |    0000CBCD  _song14b 
     0000CBE5  G$gamemod |    0000CBE5  _gamemode |    0000CBE6  G$bankLen
     0000CBE6  _bankLeng |    0000CBE7  G$bankDel |    0000CBE7  _bankDela
     0000CBE8  G$i$0_0$0 |    0000CBE8  _i        |    0000CBEA  __map_til
ASxxxx Linker V03.00 + NoICE + sdld,  page 42.
Hexadecimal  [32-Bits]

Area                       Addr        Size        Decimal Bytes (Attributes)
--------------------       ----        ----        ------- ----- ------------
_HRAM12                00000000    00000003 =           3. bytes (ABS,CON)

        Value  Global            Value  Global            Value  Global    
        -----  ------            -----  ------            -----  ------    
     0000FF90  __current |    0000FF92  __shadow_
ASxxxx Linker V03.00 + NoICE + sdld,  page 43.

Files Linked                              [ module(s) ]

C:\gbdk\lib/small/asxxxx/gb/crt0.o        [ Runtime ]
C:\Users\barry\AppData\Local\Temp/lcc95840.o
                                          [ arrows ]
C:\Users\barry\AppData\Local\Temp/lcc95841.o
                                          [ blankscreen ]
C:\Users\barry\AppData\Local\Temp/lcc95842.o
                                          [ main ]


Libraries Linked                          [ object file ]

C:\gbdk\lib/small/asxxxx/gb/gb.lib        [ get_tile.o ]
C:\gbdk\lib/small/asxxxx/gb/gb.lib        [ set_tile.o ]
C:\gbdk\lib/small/asxxxx/gb/gb.lib        [ pad.o ]
C:\gbdk\lib/small/asxxxx/gb/gb.lib        [ sfr.o ]
C:\gbdk\lib/small/asxxxx/gb/gb.lib        [ set_data.o ]
C:\gbdk\lib/small/asxxxx/gb/gb.lib        [ set_bk_t.o ]
C:\gbdk\lib/small/asxxxx/gb/gb.lib        [ set_xy_t.o ]

ASxxxx Linker V03.00 + NoICE + sdld,  page 44.

User Base Address Definitions

_DATA=0xC0A0
_CODE=0x0200
ASxxxx Linker V03.00 + NoICE + sdld,  page 45.

User Global Definitions

_shadow_OAM=0xC000
.STACK=0xE000
.refresh_OAM=0xFF80

